Archive member included to satisfy reference by file (symbol)

/home/austin-tabulog/.pico-sdk/toolchain/14_2_Rel1/bin/../lib/gcc/arm-none-eabi/14.2.1/../../../../arm-none-eabi/lib/thumb/v8-m.main+fp/softfp/libm.a(libm_a-wf_sqrt.o)
                              CMakeFiles/demo.dir/home/austin-tabulog/.pico-sdk/sdk/2.2.0/src/rp2_common/pico_float/float_math.c.o (sqrtf)
/home/austin-tabulog/.pico-sdk/toolchain/14_2_Rel1/bin/../lib/gcc/arm-none-eabi/14.2.1/../../../../arm-none-eabi/lib/thumb/v8-m.main+fp/softfp/libm.a(libm_a-ef_sqrt.o)
                              /home/austin-tabulog/.pico-sdk/toolchain/14_2_Rel1/bin/../lib/gcc/arm-none-eabi/14.2.1/../../../../arm-none-eabi/lib/thumb/v8-m.main+fp/softfp/libm.a(libm_a-wf_sqrt.o) (__ieee754_sqrtf)
/home/austin-tabulog/.pico-sdk/toolchain/14_2_Rel1/bin/../lib/gcc/arm-none-eabi/14.2.1/thumb/v8-m.main+fp/softfp/libgcc.a(_arm_addsubdf3.o)
                              CMakeFiles/demo.dir/home/austin-tabulog/.pico-sdk/sdk/2.2.0/src/rp2_common/pico_float/float_math.c.o (__aeabi_f2d)
/home/austin-tabulog/.pico-sdk/toolchain/14_2_Rel1/bin/../lib/gcc/arm-none-eabi/14.2.1/thumb/v8-m.main+fp/softfp/libgcc.a(_aeabi_ldivmod.o)
                              CMakeFiles/demo.dir/home/austin-tabulog/.pico-sdk/sdk/2.2.0/src/common/pico_time/time.c.o (__aeabi_ldivmod)
/home/austin-tabulog/.pico-sdk/toolchain/14_2_Rel1/bin/../lib/gcc/arm-none-eabi/14.2.1/thumb/v8-m.main+fp/softfp/libgcc.a(_aeabi_uldivmod.o)
                              CMakeFiles/demo.dir/home/austin-tabulog/.pico-sdk/sdk/2.2.0/src/rp2_common/hardware_clocks/clocks.c.o (__aeabi_uldivmod)
/home/austin-tabulog/.pico-sdk/toolchain/14_2_Rel1/bin/../lib/gcc/arm-none-eabi/14.2.1/thumb/v8-m.main+fp/softfp/libgcc.a(_udivmoddi4.o)
                              /home/austin-tabulog/.pico-sdk/toolchain/14_2_Rel1/bin/../lib/gcc/arm-none-eabi/14.2.1/thumb/v8-m.main+fp/softfp/libgcc.a(_aeabi_ldivmod.o) (__udivmoddi4)
/home/austin-tabulog/.pico-sdk/toolchain/14_2_Rel1/bin/../lib/gcc/arm-none-eabi/14.2.1/thumb/v8-m.main+fp/softfp/libgcc.a(_dvmd_tls.o)
                              /home/austin-tabulog/.pico-sdk/toolchain/14_2_Rel1/bin/../lib/gcc/arm-none-eabi/14.2.1/thumb/v8-m.main+fp/softfp/libgcc.a(_aeabi_ldivmod.o) (__aeabi_ldiv0)
/home/austin-tabulog/.pico-sdk/toolchain/14_2_Rel1/bin/../lib/gcc/arm-none-eabi/14.2.1/../../../../arm-none-eabi/lib/thumb/v8-m.main+fp/softfp/libg.a(libc_a-calloc.o)
                              CMakeFiles/demo.dir/home/austin-tabulog/.pico-sdk/sdk/2.2.0/src/rp2_common/pico_malloc/malloc.c.o (calloc)
/home/austin-tabulog/.pico-sdk/toolchain/14_2_Rel1/bin/../lib/gcc/arm-none-eabi/14.2.1/../../../../arm-none-eabi/lib/thumb/v8-m.main+fp/softfp/libg.a(libc_a-callocr.o)
                              /home/austin-tabulog/.pico-sdk/toolchain/14_2_Rel1/bin/../lib/gcc/arm-none-eabi/14.2.1/../../../../arm-none-eabi/lib/thumb/v8-m.main+fp/softfp/libg.a(libc_a-calloc.o) (_calloc_r)
/home/austin-tabulog/.pico-sdk/toolchain/14_2_Rel1/bin/../lib/gcc/arm-none-eabi/14.2.1/../../../../arm-none-eabi/lib/thumb/v8-m.main+fp/softfp/libg.a(libc_a-malloc.o)
                              CMakeFiles/demo.dir/home/austin-tabulog/.pico-sdk/sdk/2.2.0/src/rp2_common/pico_malloc/malloc.c.o (malloc)
/home/austin-tabulog/.pico-sdk/toolchain/14_2_Rel1/bin/../lib/gcc/arm-none-eabi/14.2.1/../../../../arm-none-eabi/lib/thumb/v8-m.main+fp/softfp/libg.a(libc_a-mallocr.o)
                              /home/austin-tabulog/.pico-sdk/toolchain/14_2_Rel1/bin/../lib/gcc/arm-none-eabi/14.2.1/../../../../arm-none-eabi/lib/thumb/v8-m.main+fp/softfp/libg.a(libc_a-callocr.o) (_malloc_r)
/home/austin-tabulog/.pico-sdk/toolchain/14_2_Rel1/bin/../lib/gcc/arm-none-eabi/14.2.1/../../../../arm-none-eabi/lib/thumb/v8-m.main+fp/softfp/libg.a(libc_a-mlock.o)
                              /home/austin-tabulog/.pico-sdk/toolchain/14_2_Rel1/bin/../lib/gcc/arm-none-eabi/14.2.1/../../../../arm-none-eabi/lib/thumb/v8-m.main+fp/softfp/libg.a(libc_a-mallocr.o) (__malloc_lock)
/home/austin-tabulog/.pico-sdk/toolchain/14_2_Rel1/bin/../lib/gcc/arm-none-eabi/14.2.1/../../../../arm-none-eabi/lib/thumb/v8-m.main+fp/softfp/libg.a(libc_a-realloc.o)
                              CMakeFiles/demo.dir/home/austin-tabulog/.pico-sdk/sdk/2.2.0/src/rp2_common/pico_malloc/malloc.c.o (realloc)
/home/austin-tabulog/.pico-sdk/toolchain/14_2_Rel1/bin/../lib/gcc/arm-none-eabi/14.2.1/../../../../arm-none-eabi/lib/thumb/v8-m.main+fp/softfp/libg.a(libc_a-reallocr.o)
                              /home/austin-tabulog/.pico-sdk/toolchain/14_2_Rel1/bin/../lib/gcc/arm-none-eabi/14.2.1/../../../../arm-none-eabi/lib/thumb/v8-m.main+fp/softfp/libg.a(libc_a-realloc.o) (_realloc_r)
/home/austin-tabulog/.pico-sdk/toolchain/14_2_Rel1/bin/../lib/gcc/arm-none-eabi/14.2.1/../../../../arm-none-eabi/lib/thumb/v8-m.main+fp/softfp/libg.a(libc_a-ctype_.o)
                              CMakeFiles/demo.dir/home/austin-tabulog/.pico-sdk/sdk/2.2.0/lib/tinyusb/src/tusb.c.o (_ctype_)
[...]
Memory Configuration

Name             Origin             Length             Attributes
FLASH            0x10000000         0x00400000         xr
RAM              0x20000000         0x00080000         xrw
SCRATCH_X        0x20080000         0x00001000         xrw
SCRATCH_Y        0x20081000         0x00001000         xrw
*default*        0x00000000         0xffffffff

Linker script and memory map

LOAD /home/austin-tabulog/.pico-sdk/toolchain/14_2_Rel1/bin/../lib/gcc/arm-none-eabi/14.2.1/thumb/v8-m.main+fp/softfp/crti.o
LOAD /home/austin-tabulog/.pico-sdk/toolchain/14_2_Rel1/bin/../lib/gcc/arm-none-eabi/14.2.1/thumb/v8-m.main+fp/softfp/crtbegin.o
LOAD /home/austin-tabulog/.pico-sdk/toolchain/14_2_Rel1/bin/../lib/gcc/arm-none-eabi/14.2.1/../../../../arm-none-eabi/lib/thumb/v8-m.main+fp/softfp/crt0.o

.flash_begin    0x10000000        0x0
                0x10000000                        __flash_binary_start = .

.text           0x10000000     0x6160
                0x10000000                        __logical_binary_start = .
 *(.vectors)
 .vectors       0x10000000      0x124 CMakeFiles/demo.dir/home/austin-tabulog/.pico-sdk/sdk/2.2.0/src/rp2_common/pico_crt0/crt0.S.o
                0x10000000                __vectors
                0x10000000                __VECTOR_TABLE
                0x10000110                isr_securefault
                0x10000110                isr_irq30
                0x10000110                __unhandled_user_irq
                0x10000110                isr_irq49
                0x10000110                isr_irq13
                0x10000110                isr_irq43
                0x10000110                isr_irq45
                0x10000110                isr_irq27
                0x10000110                isr_irq32
                0x10000110                isr_irq31
                0x10000110                isr_irq5
                0x10000110                isr_irq11
                0x10000110                isr_irq23
                0x10000110                isr_usagefault
                0x10000110                isr_irq48
                0x10000110                isr_irq35
                0x10000110                isr_irq18
                0x10000110                isr_irq50
                0x10000110                isr_irq40
                0x10000110                isr_irq28
                0x10000110                isr_irq19
                0x10000110                isr_irq36
                0x10000110                isr_irq41
                0x10000110                isr_irq0
                0x10000110                isr_irq6
                0x10000110                isr_memmanage
                0x10000110                isr_irq37
                0x10000110                isr_irq42
                0x10000110                isr_irq22
                0x10000110                isr_irq17
                0x10000110                isr_irq38
                0x10000110                isr_irq14
                0x10000110                __vectors_end
                0x10000110                __default_isrs_start
                0x10000110                isr_irq2
                0x10000110                isr_irq10
                0x10000110                isr_irq8
                0x10000110                isr_debugmonitor
                0x10000110                isr_irq24
                0x10000110                isr_irq46
                0x10000110                isr_irq1
                0x10000110                isr_irq47
                0x10000110                isr_irq51
                0x10000110                isr_irq7
                0x10000110                isr_irq21
                0x10000110                isr_irq39
                0x10000110                isr_irq20
                0x10000110                isr_irq15
                0x10000110                isr_irq25
                0x10000110                isr_irq34
                0x10000110                isr_irq4
                0x10000110                isr_busfault
                0x10000110                isr_irq16
                0x10000110                isr_irq44
                0x10000110                isr_irq29
                0x10000110                isr_irq26
                0x10000110                isr_irq33
                0x10000110                isr_irq3
                0x10000110                isr_irq12
                0x10000110                isr_irq9
                0x10000116                unhandled_user_irq_num_in_r0
                0x10000118                isr_invalid
                0x1000011a                isr_nmi
                0x1000011c                isr_hardfault
                0x1000011e                isr_svcall
                0x10000120                isr_pendsv
                0x10000122                isr_systick
                0x10000124                __default_isrs_end
 *(.binary_info_header)
 .binary_info_header
                0x10000124       0x14 CMakeFiles/demo.dir/home/austin-tabulog/.pico-sdk/sdk/2.2.0/src/rp2_common/pico_crt0/crt0.S.o
                0x10000138                        __binary_info_header_end = .
 *(.embedded_block)
 .embedded_block
                0x10000138       0x14 CMakeFiles/demo.dir/home/austin-tabulog/.pico-sdk/sdk/2.2.0/src/rp2_common/pico_crt0/crt0.S.o
                0x1000014c                        __embedded_block_end = .
 *(.reset)
 .reset         0x1000014c       0x98 CMakeFiles/demo.dir/home/austin-tabulog/.pico-sdk/sdk/2.2.0/src/rp2_common/pico_crt0/crt0.S.o
                0x1000014c                _entry_point
 *(.init)
 .init          0x100001e4        0x4 /home/austin-tabulog/.pico-sdk/toolchain/14_2_Rel1/bin/../lib/gcc/arm-none-eabi/14.2.1/thumb/v8-m.main+fp/softfp/crti.o
                0x100001e4                _init
 *libgcc.a:cmse_nonsecure_call.o()
 *(EXCLUDE_FILE(*libm.a: *libc.a:*lib_a-mem*.o *libgcc.a:) .text*)
 .text.register_tm_clones
                0x100001e8       0x28 /home/austin-tabulog/.pico-sdk/toolchain/14_2_Rel1/bin/../lib/gcc/arm-none-eabi/14.2.1/thumb/v8-m.main+fp/softfp/crtbegin.o
 .text.frame_dummy
                0x10000210       0x24 /home/austin-tabulog/.pico-sdk/toolchain/14_2_Rel1/bin/../lib/gcc/arm-none-eabi/14.2.1/thumb/v8-m.main+fp/softfp/crtbegin.o
 .text.main     0x10000234       0x44 CMakeFiles/demo.dir/demo.cpp.o
                0x10000234                main
 .text.gpio_set_function
                0x10000278       0x38 CMakeFiles/demo.dir/home/austin-tabulog/.pico-sdk/sdk/2.2.0/src/rp2_common/hardware_gpio/gpio.c.o
                0x10000278                gpio_set_function
 .text.gpio_init
                0x100002b0       0x16 CMakeFiles/demo.dir/home/austin-tabulog/.pico-sdk/sdk/2.2.0/src/rp2_common/hardware_gpio/gpio.c.o
                0x100002b0                gpio_init
 *fill*         0x100002c6        0x2 
 .text.panic    0x100002c8       0x30 CMakeFiles/demo.dir/home/austin-tabulog/.pico-sdk/sdk/2.2.0/src/rp2_common/pico_platform_panic/panic.c.o
                0x100002c8                panic
 .text.hw_claim_lock
                0x100002f8       0x24 CMakeFiles/demo.dir/home/austin-tabulog/.pico-sdk/sdk/2.2.0/src/common/hardware_claim/claim.c.o
                0x100002f8                hw_claim_lock
 .text.hw_claim_unlock
                0x1000031c       0x14 CMakeFiles/demo.dir/home/austin-tabulog/.pico-sdk/sdk/2.2.0/src/common/hardware_claim/claim.c.o
                0x1000031c                hw_claim_unlock
 .text.hw_claim_or_assert
                0x10000330       0x32 CMakeFiles/demo.dir/home/austin-tabulog/.pico-sdk/sdk/2.2.0/src/common/hardware_claim/claim.c.o
                0x10000330                hw_claim_or_assert
 .text.hw_claim_unused_from_range
                0x10000362       0x4e CMakeFiles/demo.dir/home/austin-tabulog/.pico-sdk/sdk/2.2.0/src/common/hardware_claim/claim.c.o
                0x10000362                hw_claim_unused_from_range
 .text.next_striped_spin_lock_num
                0x100003b0       0x1c CMakeFiles/demo.dir/home/austin-tabulog/.pico-sdk/sdk/2.2.0/src/rp2_common/hardware_sync/sync.c.o
                0x100003b0                next_striped_spin_lock_num
 .text.spin_lock_claim_unused
                0x100003cc       0x24 CMakeFiles/demo.dir/home/austin-tabulog/.pico-sdk/sdk/2.2.0/src/rp2_common/hardware_sync/sync.c.o
                0x100003cc                spin_lock_claim_unused
 .text.spinlock_set_extexclall
                0x100003f0        0xe CMakeFiles/demo.dir/home/austin-tabulog/.pico-sdk/sdk/2.2.0/src/rp2_common/hardware_sync_spin_lock/sync_spin_lock.c.o
 *fill*         0x100003fe        0x2 
 .text.spin_locks_reset
                0x10000400       0x1c CMakeFiles/demo.dir/home/austin-tabulog/.pico-sdk/sdk/2.2.0/src/rp2_common/hardware_sync_spin_lock/sync_spin_lock.c.o
                0x10000400                spin_locks_reset
 .text.set_raw_irq_handler_and_unlock
                0x1000041c       0x24 CMakeFiles/demo.dir/home/austin-tabulog/.pico-sdk/sdk/2.2.0/src/rp2_common/hardware_irq/irq.c.o
 .text.nvic_ipr0
                0x10000440        0x8 CMakeFiles/demo.dir/home/austin-tabulog/.pico-sdk/sdk/2.2.0/src/rp2_common/hardware_irq/irq.c.o
 .text.runtime_init_per_core_irq_priorities
                0x10000448       0x1c CMakeFiles/demo.dir/home/austin-tabulog/.pico-sdk/sdk/2.2.0/src/rp2_common/hardware_irq/irq.c.o
                0x10000448                runtime_init_per_core_irq_priorities
 .text.resolve_j_16
                0x10000464       0x40 CMakeFiles/demo.dir/home/austin-tabulog/.pico-sdk/sdk/2.2.0/src/rp2_common/hardware_irq/irq.c.o
 .text.make_j_16
                0x100004a4       0x3c CMakeFiles/demo.dir/home/austin-tabulog/.pico-sdk/sdk/2.2.0/src/rp2_common/hardware_irq/irq.c.o
 .text.irq_is_enabled
                0x100004e0       0x20 CMakeFiles/demo.dir/home/austin-tabulog/.pico-sdk/sdk/2.2.0/src/rp2_common/hardware_irq/irq.c.o
                0x100004e0                irq_is_enabled
 .text.irq_set_mask_n_enabled
                0x10000500       0x20 CMakeFiles/demo.dir/home/austin-tabulog/.pico-sdk/sdk/2.2.0/src/rp2_common/hardware_irq/irq.c.o
                0x10000500                irq_set_mask_n_enabled
 .text.irq_set_enabled
                0x10000520       0x14 CMakeFiles/demo.dir/home/austin-tabulog/.pico-sdk/sdk/2.2.0/src/rp2_common/hardware_irq/irq.c.o
                0x10000520                irq_set_enabled
 .text.irq_set_pending
                0x10000534       0x18 CMakeFiles/demo.dir/home/austin-tabulog/.pico-sdk/sdk/2.2.0/src/rp2_common/hardware_irq/irq.c.o
                0x10000534                irq_set_pending
 .text.irq_get_vtable_handler
                0x1000054c       0x10 CMakeFiles/demo.dir/home/austin-tabulog/.pico-sdk/sdk/2.2.0/src/rp2_common/hardware_irq/irq.c.o
                0x1000054c                irq_get_vtable_handler
 .text.irq_has_shared_handler
                0x1000055c       0x18 CMakeFiles/demo.dir/home/austin-tabulog/.pico-sdk/sdk/2.2.0/src/rp2_common/hardware_irq/irq.c.o
                0x1000055c                irq_has_shared_handler
 .text.irq_set_exclusive_handler
                0x10000574       0x60 CMakeFiles/demo.dir/home/austin-tabulog/.pico-sdk/sdk/2.2.0/src/rp2_common/hardware_irq/irq.c.o
                0x10000574                irq_set_exclusive_handler
 .text.irq_add_shared_handler
                0x100005d4      0x234 CMakeFiles/demo.dir/home/austin-tabulog/.pico-sdk/sdk/2.2.0/src/rp2_common/hardware_irq/irq.c.o
                0x100005d4                irq_add_shared_handler
 .text.irq_add_tail_to_free_list
                0x10000808       0xf8 CMakeFiles/demo.dir/home/austin-tabulog/.pico-sdk/sdk/2.2.0/src/rp2_common/hardware_irq/irq.c.o
                0x10000808                irq_add_tail_to_free_list
 .text.user_irq_claim_unused
                0x10000900       0x2c CMakeFiles/demo.dir/home/austin-tabulog/.pico-sdk/sdk/2.2.0/src/rp2_common/hardware_irq/irq.c.o
                0x10000900                user_irq_claim_unused
 .text.lock_init
                0x1000092c        0xc CMakeFiles/demo.dir/home/austin-tabulog/.pico-sdk/sdk/2.2.0/src/common/pico_sync/lock_core.c.o
                0x1000092c                lock_init
 .text.mutex_init
                0x10000938       0x1a CMakeFiles/demo.dir/home/austin-tabulog/.pico-sdk/sdk/2.2.0/src/common/pico_sync/mutex.c.o
                0x10000938                mutex_init
 .text.recursive_mutex_init
                0x10000952       0x1e CMakeFiles/demo.dir/home/austin-tabulog/.pico-sdk/sdk/2.2.0/src/common/pico_sync/mutex.c.o
                0x10000952                recursive_mutex_init
 .text.runtime_init_mutex
                0x10000970       0x4c CMakeFiles/demo.dir/home/austin-tabulog/.pico-sdk/sdk/2.2.0/src/common/pico_sync/mutex.c.o
                0x10000970                runtime_init_mutex
 .text.critical_section_init_with_lock_num
                0x100009bc       0x10 CMakeFiles/demo.dir/home/austin-tabulog/.pico-sdk/sdk/2.2.0/src/common/pico_sync/critical_section.c.o
                0x100009bc                critical_section_init_with_lock_num
 .text.critical_section_init
                0x100009cc       0x14 CMakeFiles/demo.dir/home/austin-tabulog/.pico-sdk/sdk/2.2.0/src/common/pico_sync/critical_section.c.o
                0x100009cc                critical_section_init
 .text.ta_from_current_irq
                0x100009e0       0x24 CMakeFiles/demo.dir/home/austin-tabulog/.pico-sdk/sdk/2.2.0/src/common/pico_time/time.c.o
 .text.ta_set_timeout
                0x10000a04       0x2a CMakeFiles/demo.dir/home/austin-tabulog/.pico-sdk/sdk/2.2.0/src/common/pico_time/time.c.o
 .text.make_alarm_id
                0x10000a2e        0x6 CMakeFiles/demo.dir/home/austin-tabulog/.pico-sdk/sdk/2.2.0/src/common/pico_time/time.c.o
 .text.sleep_until_callback
                0x10000a34       0x3c CMakeFiles/demo.dir/home/austin-tabulog/.pico-sdk/sdk/2.2.0/src/common/pico_time/time.c.o
 .text.alarm_pool_irq_handler
                0x10000a70      0x2ec CMakeFiles/demo.dir/home/austin-tabulog/.pico-sdk/sdk/2.2.0/src/common/pico_time/time.c.o
 .text.ta_enable_irq_handler
                0x10000d5c       0x38 CMakeFiles/demo.dir/home/austin-tabulog/.pico-sdk/sdk/2.2.0/src/common/pico_time/time.c.o
 .text.alarm_pool_post_alloc_init
                0x10000d94       0x7c CMakeFiles/demo.dir/home/austin-tabulog/.pico-sdk/sdk/2.2.0/src/common/pico_time/time.c.o
 .text.alarm_pool_get_default
                0x10000e10       0x28 CMakeFiles/demo.dir/home/austin-tabulog/.pico-sdk/sdk/2.2.0/src/common/pico_time/time.c.o
                0x10000e10                alarm_pool_get_default
 .text.alarm_pool_add_alarm_at_force_in_context
                0x10000e38       0xc0 CMakeFiles/demo.dir/home/austin-tabulog/.pico-sdk/sdk/2.2.0/src/common/pico_time/time.c.o
                0x10000e38                alarm_pool_add_alarm_at_force_in_context
 .text.alarm_pool_add_alarm_at
                0x10000ef8       0x38 CMakeFiles/demo.dir/home/austin-tabulog/.pico-sdk/sdk/2.2.0/src/common/pico_time/time.c.o
                0x10000ef8                alarm_pool_add_alarm_at
 .text.add_alarm_at
                0x10000f30       0x26 CMakeFiles/demo.dir/home/austin-tabulog/.pico-sdk/sdk/2.2.0/src/common/pico_time/time.c.o
 .text.alarm_pool_cancel_alarm
                0x10000f56       0x72 CMakeFiles/demo.dir/home/austin-tabulog/.pico-sdk/sdk/2.2.0/src/common/pico_time/time.c.o
                0x10000f56                alarm_pool_cancel_alarm
 .text.cancel_alarm
                0x10000fc8       0x10 CMakeFiles/demo.dir/home/austin-tabulog/.pico-sdk/sdk/2.2.0/src/common/pico_time/time.c.o
 .text.alarm_pool_core_num
                0x10000fd8        0x4 CMakeFiles/demo.dir/home/austin-tabulog/.pico-sdk/sdk/2.2.0/src/common/pico_time/time.c.o
                0x10000fd8                alarm_pool_core_num
 .text.sleep_until
                0x10000fdc       0xb4 CMakeFiles/demo.dir/home/austin-tabulog/.pico-sdk/sdk/2.2.0/src/common/pico_time/time.c.o
                0x10000fdc                sleep_until
 .text.sleep_us
                0x10001090       0x24 CMakeFiles/demo.dir/home/austin-tabulog/.pico-sdk/sdk/2.2.0/src/common/pico_time/time.c.o
                0x10001090                sleep_us
 .text.sleep_ms
                0x100010b4       0x28 CMakeFiles/demo.dir/home/austin-tabulog/.pico-sdk/sdk/2.2.0/src/common/pico_time/time.c.o
                0x100010b4                sleep_ms
 .text.best_effort_wfe_or_timeout
                0x100010dc       0xfc CMakeFiles/demo.dir/home/austin-tabulog/.pico-sdk/sdk/2.2.0/src/common/pico_time/time.c.o
                0x100010dc                best_effort_wfe_or_timeout
 .text.alarm_pool_get_default_timer
                0x100011d8        0x8 CMakeFiles/demo.dir/home/austin-tabulog/.pico-sdk/sdk/2.2.0/src/common/pico_time/time.c.o
                0x100011d8                alarm_pool_get_default_timer
 .text.runtime_init_default_alarm_pool
                0x100011e0       0x34 CMakeFiles/demo.dir/home/austin-tabulog/.pico-sdk/sdk/2.2.0/src/common/pico_time/time.c.o
                0x100011e0                runtime_init_default_alarm_pool
 .text.timer_hardware_alarm_claim
                0x10001214       0x24 CMakeFiles/demo.dir/home/austin-tabulog/.pico-sdk/sdk/2.2.0/src/rp2_common/hardware_timer/timer.c.o
                0x10001214                timer_hardware_alarm_claim
 .text.timer_time_us_64
                0x10001238       0x10 CMakeFiles/demo.dir/home/austin-tabulog/.pico-sdk/sdk/2.2.0/src/rp2_common/hardware_timer/timer.c.o
                0x10001238                timer_time_us_64
 .text.timer_busy_wait_until
                0x10001248       0x1a CMakeFiles/demo.dir/home/austin-tabulog/.pico-sdk/sdk/2.2.0/src/rp2_common/hardware_timer/timer.c.o
                0x10001248                timer_busy_wait_until
 *fill*         0x10001262        0x2 
 .text.time_us_64
                0x10001264       0x10 CMakeFiles/demo.dir/home/austin-tabulog/.pico-sdk/sdk/2.2.0/src/rp2_common/hardware_timer/timer.c.o
                0x10001264                time_us_64
 .text.busy_wait_until
                0x10001274       0x14 CMakeFiles/demo.dir/home/austin-tabulog/.pico-sdk/sdk/2.2.0/src/rp2_common/hardware_timer/timer.c.o
                0x10001274                busy_wait_until
 .text.clock_configure_internal
                0x10001288       0xb8 CMakeFiles/demo.dir/home/austin-tabulog/.pico-sdk/sdk/2.2.0/src/rp2_common/hardware_clocks/clocks.c.o
 .text.clock_configure_undivided
                0x10001340       0x12 CMakeFiles/demo.dir/home/austin-tabulog/.pico-sdk/sdk/2.2.0/src/rp2_common/hardware_clocks/clocks.c.o
                0x10001340                clock_configure_undivided
 *fill*         0x10001352        0x2 
 .text.clock_get_hz
                0x10001354        0xc CMakeFiles/demo.dir/home/austin-tabulog/.pico-sdk/sdk/2.2.0/src/rp2_common/hardware_clocks/clocks.c.o
                0x10001354                clock_get_hz
 .text.pll_init
                0x10001360      0x108 CMakeFiles/demo.dir/home/austin-tabulog/.pico-sdk/sdk/2.2.0/src/rp2_common/hardware_pll/pll.c.o
                0x10001360                pll_init
 .text.watchdog_update
                0x10001468       0x14 CMakeFiles/demo.dir/home/austin-tabulog/.pico-sdk/sdk/2.2.0/src/rp2_common/hardware_watchdog/watchdog.c.o
                0x10001468                watchdog_update
 .text._watchdog_enable
                0x1000147c       0x6c CMakeFiles/demo.dir/home/austin-tabulog/.pico-sdk/sdk/2.2.0/src/rp2_common/hardware_watchdog/watchdog.c.o
                0x1000147c                _watchdog_enable
 .text.watchdog_reboot
                0x100014e8       0x44 CMakeFiles/demo.dir/home/austin-tabulog/.pico-sdk/sdk/2.2.0/src/rp2_common/hardware_watchdog/watchdog.c.o
                0x100014e8                watchdog_reboot
 .text.tick_start
                0x1000152c       0x1c CMakeFiles/demo.dir/home/austin-tabulog/.pico-sdk/sdk/2.2.0/src/rp2_common/hardware_ticks/ticks.c.o
                0x1000152c                tick_start
 .text.rom_reboot
                0x10001548       0x40 CMakeFiles/demo.dir/home/austin-tabulog/.pico-sdk/sdk/2.2.0/src/rp2_common/pico_bootrom/bootrom.c.o
 .text.rom_func_lookup
                0x10001588       0x1e CMakeFiles/demo.dir/home/austin-tabulog/.pico-sdk/sdk/2.2.0/src/rp2_common/pico_bootrom/bootrom.c.o
                0x10001588                rom_func_lookup
 .text.rom_reset_usb_boot_extra
                0x100015a6       0x20 CMakeFiles/demo.dir/home/austin-tabulog/.pico-sdk/sdk/2.2.0/src/rp2_common/pico_bootrom/bootrom.c.o
                0x100015a6                rom_reset_usb_boot_extra
 *fill*         0x100015c6        0x2 
 .text.runtime_init_bootrom_locking_enable
                0x100015c8       0x14 CMakeFiles/demo.dir/home/austin-tabulog/.pico-sdk/sdk/2.2.0/src/rp2_common/pico_bootrom/bootrom_lock.c.o
                0x100015c8                runtime_init_bootrom_locking_enable
 .text.boot_locks_reset
                0x100015dc       0x20 CMakeFiles/demo.dir/home/austin-tabulog/.pico-sdk/sdk/2.2.0/src/rp2_common/hardware_boot_lock/boot_lock.c.o
                0x100015dc                boot_locks_reset
 .text.runtime_init_boot_locks_reset
                0x100015fc        0x8 CMakeFiles/demo.dir/home/austin-tabulog/.pico-sdk/sdk/2.2.0/src/rp2_common/hardware_boot_lock/boot_lock.c.o
                0x100015fc                runtime_init_boot_locks_reset
 .text.xosc_init
                0x10001604       0x28 CMakeFiles/demo.dir/home/austin-tabulog/.pico-sdk/sdk/2.2.0/src/rp2_common/hardware_xosc/xosc.c.o
                0x10001604                xosc_init
 .text.runtime_run_initializers_from
                0x1000162c       0x18 CMakeFiles/demo.dir/home/austin-tabulog/.pico-sdk/sdk/2.2.0/src/rp2_common/pico_runtime/runtime.c.o
 .text.first_per_core_initializer
                0x10001644        0x2 CMakeFiles/demo.dir/home/austin-tabulog/.pico-sdk/sdk/2.2.0/src/rp2_common/pico_runtime/runtime.c.o
 *fill*         0x10001646        0x2 
 .text.runtime_run_initializers
                0x10001648       0x10 CMakeFiles/demo.dir/home/austin-tabulog/.pico-sdk/sdk/2.2.0/src/rp2_common/pico_runtime/runtime.c.o
                0x10001648                runtime_run_initializers
 .text.runtime_init_early_resets
                0x10001658       0x2c CMakeFiles/demo.dir/home/austin-tabulog/.pico-sdk/sdk/2.2.0/src/rp2_common/pico_runtime_init/runtime_init.c.o
                0x10001658                runtime_init_early_resets
 .text.runtime_init_usb_power_down
                0x10001684       0x20 CMakeFiles/demo.dir/home/austin-tabulog/.pico-sdk/sdk/2.2.0/src/rp2_common/pico_runtime_init/runtime_init.c.o
                0x10001684                runtime_init_usb_power_down
 .text.runtime_init_per_core_enable_coprocessors
                0x100016a4       0x1c CMakeFiles/demo.dir/home/austin-tabulog/.pico-sdk/sdk/2.2.0/src/rp2_common/pico_runtime_init/runtime_init.c.o
                0x100016a4                runtime_init_per_core_enable_coprocessors
 .text.runtime_init_post_clock_resets
                0x100016c0       0x20 CMakeFiles/demo.dir/home/austin-tabulog/.pico-sdk/sdk/2.2.0/src/rp2_common/pico_runtime_init/runtime_init.c.o
                0x100016c0                runtime_init_post_clock_resets
 .text.runtime_init_bootrom_reset
                0x100016e0       0x12 CMakeFiles/demo.dir/home/austin-tabulog/.pico-sdk/sdk/2.2.0/src/rp2_common/pico_runtime_init/runtime_init.c.o
                0x100016e0                runtime_init_bootrom_reset
 .text.runtime_init_per_core_bootrom_reset
                0x100016f2       0x12 CMakeFiles/demo.dir/home/austin-tabulog/.pico-sdk/sdk/2.2.0/src/rp2_common/pico_runtime_init/runtime_init.c.o
                0x100016f2                runtime_init_per_core_bootrom_reset
 .text.runtime_init_spin_locks_reset
                0x10001704        0x8 CMakeFiles/demo.dir/home/austin-tabulog/.pico-sdk/sdk/2.2.0/src/rp2_common/pico_runtime_init/runtime_init.c.o
                0x10001704                runtime_init_spin_locks_reset
 .text.runtime_init_install_ram_vector_table
                0x1000170c       0x48 CMakeFiles/demo.dir/home/austin-tabulog/.pico-sdk/sdk/2.2.0/src/rp2_common/pico_runtime_init/runtime_init.c.o
                0x1000170c                runtime_init_install_ram_vector_table
 .text.start_all_ticks
                0x10001754       0x28 CMakeFiles/demo.dir/home/austin-tabulog/.pico-sdk/sdk/2.2.0/src/rp2_common/pico_runtime_init/runtime_init_clocks.c.o
 .text.runtime_init_clocks
                0x1000177c       0xc4 CMakeFiles/demo.dir/home/austin-tabulog/.pico-sdk/sdk/2.2.0/src/rp2_common/pico_runtime_init/runtime_init_clocks.c.o
                0x1000177c                runtime_init_clocks
 .text.__rp2350_dcp_engaged_state_save_restore
                0x10001840       0x3a CMakeFiles/demo.dir/home/austin-tabulog/.pico-sdk/sdk/2.2.0/src/rp2_common/pico_double/double_aeabi_dcp.S.o
 *fill*         0x1000187a        0x2 
 .text.__wrap___aeabi_dadd
                0x1000187c       0x28 CMakeFiles/demo.dir/home/austin-tabulog/.pico-sdk/sdk/2.2.0/src/rp2_common/pico_double/double_aeabi_dcp.S.o
                0x10001884                __wrap___aeabi_dadd
 .text.__wrap___aeabi_dsub
                0x100018a4       0x28 CMakeFiles/demo.dir/home/austin-tabulog/.pico-sdk/sdk/2.2.0/src/rp2_common/pico_double/double_aeabi_dcp.S.o
                0x100018ac                __wrap___aeabi_dsub
 .text.__wrap___aeabi_dmul
                0x100018cc       0x4c CMakeFiles/demo.dir/home/austin-tabulog/.pico-sdk/sdk/2.2.0/src/rp2_common/pico_double/double_aeabi_dcp.S.o
                0x100018d4                __wrap___aeabi_dmul
 .text.__wrap___aeabi_ddiv
                0x10001918       0x9c CMakeFiles/demo.dir/home/austin-tabulog/.pico-sdk/sdk/2.2.0/src/rp2_common/pico_double/double_aeabi_dcp.S.o
                0x10001920                __wrap___aeabi_ddiv
 .text.__wrap___aeabi_i2d
                0x100019b4       0x24 CMakeFiles/demo.dir/home/austin-tabulog/.pico-sdk/sdk/2.2.0/src/rp2_common/pico_double/double_aeabi_dcp.S.o
                0x100019bc                __wrap___aeabi_i2d
                0x100019bc                int2double
 .text.__wrap___aeabi_ui2d
                0x100019d8       0x24 CMakeFiles/demo.dir/home/austin-tabulog/.pico-sdk/sdk/2.2.0/src/rp2_common/pico_double/double_aeabi_dcp.S.o
                0x100019e0                __wrap___aeabi_ui2d
                0x100019e0                uint2double
 .text.__wrap___aeabi_d2iz
                0x100019fc       0x24 CMakeFiles/demo.dir/home/austin-tabulog/.pico-sdk/sdk/2.2.0/src/rp2_common/pico_double/double_aeabi_dcp.S.o
                0x10001a04                __wrap___aeabi_d2iz
                0x10001a04                double2int_z
 .text.__wrap___aeabi_d2uiz
                0x10001a20       0x24 CMakeFiles/demo.dir/home/austin-tabulog/.pico-sdk/sdk/2.2.0/src/rp2_common/pico_double/double_aeabi_dcp.S.o
                0x10001a28                double2uint_z
                0x10001a28                double2uint
                0x10001a28                __wrap___aeabi_d2uiz
 .text.__wrap___aeabi_dcmpun
                0x10001a44       0x24 CMakeFiles/demo.dir/home/austin-tabulog/.pico-sdk/sdk/2.2.0/src/rp2_common/pico_double/double_aeabi_dcp.S.o
                0x10001a4c                __wrap___aeabi_dcmpun
 .text.__wrap___aeabi_dcmplt
                0x10001a68       0x28 CMakeFiles/demo.dir/home/austin-tabulog/.pico-sdk/sdk/2.2.0/src/rp2_common/pico_double/double_aeabi_dcp.S.o
                0x10001a70                __wrap___aeabi_dcmplt
 .text.__wrap___aeabi_dcmple
                0x10001a90       0x28 CMakeFiles/demo.dir/home/austin-tabulog/.pico-sdk/sdk/2.2.0/src/rp2_common/pico_double/double_aeabi_dcp.S.o
                0x10001a98                __wrap___aeabi_dcmple
 .text.__wrap___aeabi_dcmpge
                0x10001ab8       0x28 CMakeFiles/demo.dir/home/austin-tabulog/.pico-sdk/sdk/2.2.0/src/rp2_common/pico_double/double_aeabi_dcp.S.o
                0x10001ac0                __wrap___aeabi_dcmpge
 .text.__wrap___aeabi_dcmpgt
                0x10001ae0       0x28 CMakeFiles/demo.dir/home/austin-tabulog/.pico-sdk/sdk/2.2.0/src/rp2_common/pico_double/double_aeabi_dcp.S.o
                0x10001ae8                __wrap___aeabi_dcmpgt
 .text._out_null
                0x10001b08        0x2 CMakeFiles/demo.dir/home/austin-tabulog/.pico-sdk/sdk/2.2.0/src/rp2_common/pico_printf/printf.c.o
 .text._out_fct
                0x10001b0a        0xe CMakeFiles/demo.dir/home/austin-tabulog/.pico-sdk/sdk/2.2.0/src/rp2_common/pico_printf/printf.c.o
 .text._atoi    0x10001b18       0x26 CMakeFiles/demo.dir/home/austin-tabulog/.pico-sdk/sdk/2.2.0/src/rp2_common/pico_printf/printf.c.o
 .text._out_rev
                0x10001b3e       0x7e CMakeFiles/demo.dir/home/austin-tabulog/.pico-sdk/sdk/2.2.0/src/rp2_common/pico_printf/printf.c.o
 .text._ntoa_format
                0x10001bbc      0x134 CMakeFiles/demo.dir/home/austin-tabulog/.pico-sdk/sdk/2.2.0/src/rp2_common/pico_printf/printf.c.o
 .text._ntoa_long
                0x10001cf0       0x94 CMakeFiles/demo.dir/home/austin-tabulog/.pico-sdk/sdk/2.2.0/src/rp2_common/pico_printf/printf.c.o
 .text._ntoa_long_long
                0x10001d84       0xc2 CMakeFiles/demo.dir/home/austin-tabulog/.pico-sdk/sdk/2.2.0/src/rp2_common/pico_printf/printf.c.o
 *fill*         0x10001e46        0x2 
 .text._etoa    0x10001e48      0x420 CMakeFiles/demo.dir/home/austin-tabulog/.pico-sdk/sdk/2.2.0/src/rp2_common/pico_printf/printf.c.o
 .text._ftoa    0x10002268      0x398 CMakeFiles/demo.dir/home/austin-tabulog/.pico-sdk/sdk/2.2.0/src/rp2_common/pico_printf/printf.c.o
 .text._vsnprintf
                0x10002600      0x6d8 CMakeFiles/demo.dir/home/austin-tabulog/.pico-sdk/sdk/2.2.0/src/rp2_common/pico_printf/printf.c.o
 .text.vfctprintf
                0x10002cd8       0x24 CMakeFiles/demo.dir/home/austin-tabulog/.pico-sdk/sdk/2.2.0/src/rp2_common/pico_printf/printf.c.o
                0x10002cd8                vfctprintf
 .text._exit    0x10002cfc        0x4 CMakeFiles/demo.dir/home/austin-tabulog/.pico-sdk/sdk/2.2.0/src/rp2_common/pico_clib_interface/newlib_interface.c.o
                0x10002cfc                _exit
 .text.exit     0x10002d00        0x6 CMakeFiles/demo.dir/home/austin-tabulog/.pico-sdk/sdk/2.2.0/src/rp2_common/pico_clib_interface/newlib_interface.c.o
                0x10002d00                exit
 *fill*         0x10002d06        0x2 
 .text.__assert_func
                0x10002d08       0x34 CMakeFiles/demo.dir/home/austin-tabulog/.pico-sdk/sdk/2.2.0/src/rp2_common/pico_clib_interface/newlib_interface.c.o
                0x10002d08                __assert_func
 .text.runtime_init
                0x10002d3c       0x2c CMakeFiles/demo.dir/home/austin-tabulog/.pico-sdk/sdk/2.2.0/src/rp2_common/pico_clib_interface/newlib_interface.c.o
                0x10002d3c                runtime_init
 .text.stdio_out_chars_no_crlf
                0x10002d68        0xe CMakeFiles/demo.dir/home/austin-tabulog/.pico-sdk/sdk/2.2.0/src/rp2_common/pico_stdio/stdio.c.o
 *fill*         0x10002d76        0x2 
 .text.stdio_out_chars_crlf
                0x10002d78       0x80 CMakeFiles/demo.dir/home/austin-tabulog/.pico-sdk/sdk/2.2.0/src/rp2_common/pico_stdio/stdio.c.o
 .text.stdio_stack_buffer_flush
                0x10002df8       0x40 CMakeFiles/demo.dir/home/austin-tabulog/.pico-sdk/sdk/2.2.0/src/rp2_common/pico_stdio/stdio.c.o
 .text.stdio_buffered_printer
                0x10002e38       0x20 CMakeFiles/demo.dir/home/austin-tabulog/.pico-sdk/sdk/2.2.0/src/rp2_common/pico_stdio/stdio.c.o
 .text.stdout_serialize_begin
                0x10002e58       0x2c CMakeFiles/demo.dir/home/austin-tabulog/.pico-sdk/sdk/2.2.0/src/rp2_common/pico_stdio/stdio.c.o
                0x10002e58                stdout_serialize_begin
 .text.stdout_serialize_end
                0x10002e84       0x10 CMakeFiles/demo.dir/home/austin-tabulog/.pico-sdk/sdk/2.2.0/src/rp2_common/pico_stdio/stdio.c.o
                0x10002e84                stdout_serialize_end
 .text.stdio_put_string
                0x10002e94       0x8c CMakeFiles/demo.dir/home/austin-tabulog/.pico-sdk/sdk/2.2.0/src/rp2_common/pico_stdio/stdio.c.o
                0x10002e94                stdio_put_string
 .text.stdio_set_driver_enabled
                0x10002f20       0x2c CMakeFiles/demo.dir/home/austin-tabulog/.pico-sdk/sdk/2.2.0/src/rp2_common/pico_stdio/stdio.c.o
                0x10002f20                stdio_set_driver_enabled
 .text.stdio_flush
                0x10002f4c       0x1c CMakeFiles/demo.dir/home/austin-tabulog/.pico-sdk/sdk/2.2.0/src/rp2_common/pico_stdio/stdio.c.o
                0x10002f4c                stdio_flush
 .text.stdio_init_all
                0x10002f68        0x8 CMakeFiles/demo.dir/home/austin-tabulog/.pico-sdk/sdk/2.2.0/src/rp2_common/pico_stdio/stdio.c.o
                0x10002f68                stdio_init_all
 .text.__wrap_puts
                0x10002f70       0x1e CMakeFiles/demo.dir/home/austin-tabulog/.pico-sdk/sdk/2.2.0/src/rp2_common/pico_stdio/stdio.c.o
                0x10002f70                __wrap_puts
                0x10002f70                stdio_puts
 *fill*         0x10002f8e        0x2 
 .text.__wrap_vprintf
                0x10002f90       0x40 CMakeFiles/demo.dir/home/austin-tabulog/.pico-sdk/sdk/2.2.0/src/rp2_common/pico_stdio/stdio.c.o
                0x10002f90                __wrap_vprintf
                0x10002f90                stdio_vprintf
 .text.__wrap_printf
                0x10002fd0       0x1c CMakeFiles/demo.dir/home/austin-tabulog/.pico-sdk/sdk/2.2.0/src/rp2_common/pico_stdio/stdio.c.o
                0x10002fd0                stdio_printf
                0x10002fd0                __wrap_printf
 .text.resetd_init
                0x10002fec        0x2 CMakeFiles/demo.dir/home/austin-tabulog/.pico-sdk/sdk/2.2.0/src/rp2_common/pico_stdio_usb/reset_interface.c.o
 *fill*         0x10002fee        0x2 
 .text.resetd_reset
                0x10002ff0        0xc CMakeFiles/demo.dir/home/austin-tabulog/.pico-sdk/sdk/2.2.0/src/rp2_common/pico_stdio_usb/reset_interface.c.o
 .text.resetd_open
                0x10002ffc       0x34 CMakeFiles/demo.dir/home/austin-tabulog/.pico-sdk/sdk/2.2.0/src/rp2_common/pico_stdio_usb/reset_interface.c.o
 .text.resetd_xfer_cb
                0x10003030        0x4 CMakeFiles/demo.dir/home/austin-tabulog/.pico-sdk/sdk/2.2.0/src/rp2_common/pico_stdio_usb/reset_interface.c.o
 .text.resetd_control_xfer_cb
                0x10003034       0x54 CMakeFiles/demo.dir/home/austin-tabulog/.pico-sdk/sdk/2.2.0/src/rp2_common/pico_stdio_usb/reset_interface.c.o
 .text.tud_descriptor_bos_cb
                0x10003088        0x8 CMakeFiles/demo.dir/home/austin-tabulog/.pico-sdk/sdk/2.2.0/src/rp2_common/pico_stdio_usb/reset_interface.c.o
                0x10003088                tud_descriptor_bos_cb
 .text.tud_vendor_control_xfer_cb
                0x10003090       0x30 CMakeFiles/demo.dir/home/austin-tabulog/.pico-sdk/sdk/2.2.0/src/rp2_common/pico_stdio_usb/reset_interface.c.o
                0x10003090                tud_vendor_control_xfer_cb
 .text.usbd_app_driver_get_cb
                0x100030c0        0xc CMakeFiles/demo.dir/home/austin-tabulog/.pico-sdk/sdk/2.2.0/src/rp2_common/pico_stdio_usb/reset_interface.c.o
                0x100030c0                usbd_app_driver_get_cb
 .text.tud_cdc_line_coding_cb
                0x100030cc       0x18 CMakeFiles/demo.dir/home/austin-tabulog/.pico-sdk/sdk/2.2.0/src/rp2_common/pico_stdio_usb/reset_interface.c.o
                0x100030cc                tud_cdc_line_coding_cb
 .text.stdio_usb_set_chars_available_callback
                0x100030e4       0x14 CMakeFiles/demo.dir/home/austin-tabulog/.pico-sdk/sdk/2.2.0/src/rp2_common/pico_stdio_usb/stdio_usb.c.o
                0x100030e4                stdio_usb_set_chars_available_callback
 .text.stdio_usb_out_flush
                0x100030f8       0x48 CMakeFiles/demo.dir/home/austin-tabulog/.pico-sdk/sdk/2.2.0/src/rp2_common/pico_stdio_usb/stdio_usb.c.o
 .text.timer_task
                0x10003140       0x70 CMakeFiles/demo.dir/home/austin-tabulog/.pico-sdk/sdk/2.2.0/src/rp2_common/pico_stdio_usb/stdio_usb.c.o
 .text.usb_irq  0x100031b0       0x10 CMakeFiles/demo.dir/home/austin-tabulog/.pico-sdk/sdk/2.2.0/src/rp2_common/pico_stdio_usb/stdio_usb.c.o
 .text.alarm_pool_add_alarm_in_us
                0x100031c0       0x3a CMakeFiles/demo.dir/home/austin-tabulog/.pico-sdk/sdk/2.2.0/src/rp2_common/pico_stdio_usb/stdio_usb.c.o
 .text.add_alarm_in_us
                0x100031fa       0x26 CMakeFiles/demo.dir/home/austin-tabulog/.pico-sdk/sdk/2.2.0/src/rp2_common/pico_stdio_usb/stdio_usb.c.o
 .text.low_priority_worker_irq
                0x10003220       0xa8 CMakeFiles/demo.dir/home/austin-tabulog/.pico-sdk/sdk/2.2.0/src/rp2_common/pico_stdio_usb/stdio_usb.c.o
 .text.stdio_usb_init
                0x100032c8       0xd4 CMakeFiles/demo.dir/home/austin-tabulog/.pico-sdk/sdk/2.2.0/src/rp2_common/pico_stdio_usb/stdio_usb.c.o
                0x100032c8                stdio_usb_init
 .text.stdio_usb_connected
                0x1000339c        0xa CMakeFiles/demo.dir/home/austin-tabulog/.pico-sdk/sdk/2.2.0/src/rp2_common/pico_stdio_usb/stdio_usb.c.o
                0x1000339c                stdio_usb_connected
 *fill*         0x100033a6        0x2 
 .text.stdio_usb_in_chars
                0x100033a8       0x8c CMakeFiles/demo.dir/home/austin-tabulog/.pico-sdk/sdk/2.2.0/src/rp2_common/pico_stdio_usb/stdio_usb.c.o
                0x100033a8                stdio_usb_in_chars
 .text.stdio_usb_out_chars
                0x10003434       0xd4 CMakeFiles/demo.dir/home/austin-tabulog/.pico-sdk/sdk/2.2.0/src/rp2_common/pico_stdio_usb/stdio_usb.c.o
 .text.tud_descriptor_device_cb
                0x10003508        0x8 CMakeFiles/demo.dir/home/austin-tabulog/.pico-sdk/sdk/2.2.0/src/rp2_common/pico_stdio_usb/stdio_usb_descriptors.c.o
                0x10003508                tud_descriptor_device_cb
 .text.tud_descriptor_configuration_cb
                0x10003510        0x8 CMakeFiles/demo.dir/home/austin-tabulog/.pico-sdk/sdk/2.2.0/src/rp2_common/pico_stdio_usb/stdio_usb_descriptors.c.o
                0x10003510                tud_descriptor_configuration_cb
 .text.tud_descriptor_string_cb
                0x10003518       0x64 CMakeFiles/demo.dir/home/austin-tabulog/.pico-sdk/sdk/2.2.0/src/rp2_common/pico_stdio_usb/stdio_usb_descriptors.c.o
                0x10003518                tud_descriptor_string_cb
 .text._retrieve_unique_id_on_boot
                0x1000357c       0x58 CMakeFiles/demo.dir/home/austin-tabulog/.pico-sdk/sdk/2.2.0/src/rp2_common/pico_unique_id/unique_id.c.o
 .text.pico_get_unique_board_id_string
                0x100035d4       0x5c CMakeFiles/demo.dir/home/austin-tabulog/.pico-sdk/sdk/2.2.0/src/rp2_common/pico_unique_id/unique_id.c.o
                0x100035d4                pico_get_unique_board_id_string
 .text.hw_endpoint_init
                0x10003630       0xbc CMakeFiles/demo.dir/home/austin-tabulog/.pico-sdk/sdk/2.2.0/lib/tinyusb/src/portable/raspberrypi/rp2040/dcd_rp2040.c.o
 .text.hw_endpoint_alloc
                0x100036ec       0x48 CMakeFiles/demo.dir/home/austin-tabulog/.pico-sdk/sdk/2.2.0/lib/tinyusb/src/portable/raspberrypi/rp2040/dcd_rp2040.c.o
 .text.hw_endpoint_open
                0x10003734       0x44 CMakeFiles/demo.dir/home/austin-tabulog/.pico-sdk/sdk/2.2.0/lib/tinyusb/src/portable/raspberrypi/rp2040/dcd_rp2040.c.o
 .text.hw_endpoint_xfer
                0x10003778       0x1c CMakeFiles/demo.dir/home/austin-tabulog/.pico-sdk/sdk/2.2.0/lib/tinyusb/src/portable/raspberrypi/rp2040/dcd_rp2040.c.o
 .text.dcd_int_enable
                0x10003794       0x28 CMakeFiles/demo.dir/home/austin-tabulog/.pico-sdk/sdk/2.2.0/lib/tinyusb/src/portable/raspberrypi/rp2040/dcd_rp2040.c.o
                0x10003794                dcd_int_enable
 .text.dcd_set_address
                0x100037bc       0x2c CMakeFiles/demo.dir/home/austin-tabulog/.pico-sdk/sdk/2.2.0/lib/tinyusb/src/portable/raspberrypi/rp2040/dcd_rp2040.c.o
                0x100037bc                dcd_set_address
 .text.dcd_connect
                0x100037e8       0x10 CMakeFiles/demo.dir/home/austin-tabulog/.pico-sdk/sdk/2.2.0/lib/tinyusb/src/portable/raspberrypi/rp2040/dcd_rp2040.c.o
                0x100037e8                dcd_connect
 .text.dcd_init
                0x100037f8       0x84 CMakeFiles/demo.dir/home/austin-tabulog/.pico-sdk/sdk/2.2.0/lib/tinyusb/src/portable/raspberrypi/rp2040/dcd_rp2040.c.o
                0x100037f8                dcd_init
 .text.dcd_sof_enable
                0x1000387c       0x1c CMakeFiles/demo.dir/home/austin-tabulog/.pico-sdk/sdk/2.2.0/lib/tinyusb/src/portable/raspberrypi/rp2040/dcd_rp2040.c.o
                0x1000387c                dcd_sof_enable
 .text.dcd_edpt0_status_complete
                0x10003898       0x20 CMakeFiles/demo.dir/home/austin-tabulog/.pico-sdk/sdk/2.2.0/lib/tinyusb/src/portable/raspberrypi/rp2040/dcd_rp2040.c.o
                0x10003898                dcd_edpt0_status_complete
 .text.dcd_edpt_open
                0x100038b8       0x22 CMakeFiles/demo.dir/home/austin-tabulog/.pico-sdk/sdk/2.2.0/lib/tinyusb/src/portable/raspberrypi/rp2040/dcd_rp2040.c.o
                0x100038b8                dcd_edpt_open
 .text.dcd_edpt_close_all
                0x100038da        0x8 CMakeFiles/demo.dir/home/austin-tabulog/.pico-sdk/sdk/2.2.0/lib/tinyusb/src/portable/raspberrypi/rp2040/dcd_rp2040.c.o
                0x100038da                dcd_edpt_close_all
 *fill*         0x100038e2        0x2 
 .text.dcd_edpt_xfer
                0x100038e4       0x2c CMakeFiles/demo.dir/home/austin-tabulog/.pico-sdk/sdk/2.2.0/lib/tinyusb/src/portable/raspberrypi/rp2040/dcd_rp2040.c.o
                0x100038e4                dcd_edpt_xfer
 .text.dcd_edpt_stall
                0x10003910       0x38 CMakeFiles/demo.dir/home/austin-tabulog/.pico-sdk/sdk/2.2.0/lib/tinyusb/src/portable/raspberrypi/rp2040/dcd_rp2040.c.o
                0x10003910                dcd_edpt_stall
 .text.dcd_edpt_clear_stall
                0x10003948       0x28 CMakeFiles/demo.dir/home/austin-tabulog/.pico-sdk/sdk/2.2.0/lib/tinyusb/src/portable/raspberrypi/rp2040/dcd_rp2040.c.o
                0x10003948                dcd_edpt_clear_stall
 .text.unaligned_memcpy
                0x10003970       0x14 CMakeFiles/demo.dir/home/austin-tabulog/.pico-sdk/sdk/2.2.0/lib/tinyusb/src/portable/raspberrypi/rp2040/rp2040_usb.c.o
 .text.rp2040_usb_init
                0x10003984       0x40 CMakeFiles/demo.dir/home/austin-tabulog/.pico-sdk/sdk/2.2.0/lib/tinyusb/src/portable/raspberrypi/rp2040/rp2040_usb.c.o
                0x10003984                rp2040_usb_init
 .text.hw_endpoint_xfer_start
                0x100039c4       0x58 CMakeFiles/demo.dir/home/austin-tabulog/.pico-sdk/sdk/2.2.0/lib/tinyusb/src/portable/raspberrypi/rp2040/rp2040_usb.c.o
                0x100039c4                hw_endpoint_xfer_start
 .text.configuration_reset
                0x10003a1c       0x90 CMakeFiles/demo.dir/home/austin-tabulog/.pico-sdk/sdk/2.2.0/lib/tinyusb/src/device/usbd.c.o
 .text.usbd_reset
                0x10003aac        0xc CMakeFiles/demo.dir/home/austin-tabulog/.pico-sdk/sdk/2.2.0/lib/tinyusb/src/device/usbd.c.o
 .text.invoke_class_control
                0x10003ab8       0x1a CMakeFiles/demo.dir/home/austin-tabulog/.pico-sdk/sdk/2.2.0/lib/tinyusb/src/device/usbd.c.o
 *fill*         0x10003ad2        0x2 
 .text.process_set_config
                0x10003ad4      0x1cc CMakeFiles/demo.dir/home/austin-tabulog/.pico-sdk/sdk/2.2.0/lib/tinyusb/src/device/usbd.c.o
 .text.tud_event_hook_cb
                0x10003ca0        0x2 CMakeFiles/demo.dir/home/austin-tabulog/.pico-sdk/sdk/2.2.0/lib/tinyusb/src/device/usbd.c.o
                0x10003ca0                tud_event_hook_cb
 .text.tud_sof_cb
                0x10003ca2        0x2 CMakeFiles/demo.dir/home/austin-tabulog/.pico-sdk/sdk/2.2.0/lib/tinyusb/src/device/usbd.c.o
                0x10003ca2                tud_sof_cb
 .text.tud_descriptor_device_qualifier_cb
                0x10003ca4        0x4 CMakeFiles/demo.dir/home/austin-tabulog/.pico-sdk/sdk/2.2.0/lib/tinyusb/src/device/usbd.c.o
                0x10003ca4                tud_descriptor_device_qualifier_cb
 .text.tud_descriptor_other_speed_configuration_cb
                0x10003ca8        0x4 CMakeFiles/demo.dir/home/austin-tabulog/.pico-sdk/sdk/2.2.0/lib/tinyusb/src/device/usbd.c.o
                0x10003ca8                tud_descriptor_other_speed_configuration_cb
 .text.process_get_descriptor
                0x10003cac       0xf8 CMakeFiles/demo.dir/home/austin-tabulog/.pico-sdk/sdk/2.2.0/lib/tinyusb/src/device/usbd.c.o
 .text.tud_mount_cb
                0x10003da4        0x2 CMakeFiles/demo.dir/home/austin-tabulog/.pico-sdk/sdk/2.2.0/lib/tinyusb/src/device/usbd.c.o
                0x10003da4                tud_mount_cb
 .text.tud_umount_cb
                0x10003da6        0x2 CMakeFiles/demo.dir/home/austin-tabulog/.pico-sdk/sdk/2.2.0/lib/tinyusb/src/device/usbd.c.o
                0x10003da6                tud_umount_cb
 .text.tud_suspend_cb
                0x10003da8        0x2 CMakeFiles/demo.dir/home/austin-tabulog/.pico-sdk/sdk/2.2.0/lib/tinyusb/src/device/usbd.c.o
                0x10003da8                tud_suspend_cb
 .text.tud_resume_cb
                0x10003daa        0x2 CMakeFiles/demo.dir/home/austin-tabulog/.pico-sdk/sdk/2.2.0/lib/tinyusb/src/device/usbd.c.o
                0x10003daa                tud_resume_cb
 .text.tud_mounted
                0x10003dac       0x14 CMakeFiles/demo.dir/home/austin-tabulog/.pico-sdk/sdk/2.2.0/lib/tinyusb/src/device/usbd.c.o
                0x10003dac                tud_mounted
 .text.tud_suspended
                0x10003dc0       0x10 CMakeFiles/demo.dir/home/austin-tabulog/.pico-sdk/sdk/2.2.0/lib/tinyusb/src/device/usbd.c.o
                0x10003dc0                tud_suspended
 .text.tud_inited
                0x10003dd0       0x10 CMakeFiles/demo.dir/home/austin-tabulog/.pico-sdk/sdk/2.2.0/lib/tinyusb/src/device/usbd.c.o
                0x10003dd0                tud_inited
 .text.tud_rhport_init
                0x10003de0      0x128 CMakeFiles/demo.dir/home/austin-tabulog/.pico-sdk/sdk/2.2.0/lib/tinyusb/src/device/usbd.c.o
                0x10003de0                tud_rhport_init
 .text.usbd_edpt_open
                0x10003f08       0x7c CMakeFiles/demo.dir/home/austin-tabulog/.pico-sdk/sdk/2.2.0/lib/tinyusb/src/device/usbd.c.o
                0x10003f08                usbd_edpt_open
 .text.usbd_open_edpt_pair
                0x10003f84       0xa4 CMakeFiles/demo.dir/home/austin-tabulog/.pico-sdk/sdk/2.2.0/lib/tinyusb/src/device/usbd.c.o
                0x10003f84                usbd_open_edpt_pair
 .text.usbd_edpt_claim
                0x10004028       0x28 CMakeFiles/demo.dir/home/austin-tabulog/.pico-sdk/sdk/2.2.0/lib/tinyusb/src/device/usbd.c.o
                0x10004028                usbd_edpt_claim
 .text.usbd_edpt_release
                0x10004050       0x28 CMakeFiles/demo.dir/home/austin-tabulog/.pico-sdk/sdk/2.2.0/lib/tinyusb/src/device/usbd.c.o
                0x10004050                usbd_edpt_release
 .text.usbd_edpt_xfer
                0x10004078       0x90 CMakeFiles/demo.dir/home/austin-tabulog/.pico-sdk/sdk/2.2.0/lib/tinyusb/src/device/usbd.c.o
                0x10004078                usbd_edpt_xfer
 .text.usbd_edpt_stall
                0x10004108       0x3c CMakeFiles/demo.dir/home/austin-tabulog/.pico-sdk/sdk/2.2.0/lib/tinyusb/src/device/usbd.c.o
                0x10004108                usbd_edpt_stall
 .text.usbd_edpt_clear_stall
                0x10004144       0x3c CMakeFiles/demo.dir/home/austin-tabulog/.pico-sdk/sdk/2.2.0/lib/tinyusb/src/device/usbd.c.o
                0x10004144                usbd_edpt_clear_stall
 .text.usbd_edpt_stalled
                0x10004180       0x1c CMakeFiles/demo.dir/home/austin-tabulog/.pico-sdk/sdk/2.2.0/lib/tinyusb/src/device/usbd.c.o
                0x10004180                usbd_edpt_stalled
 .text.process_control_request
                0x1000419c      0x404 CMakeFiles/demo.dir/home/austin-tabulog/.pico-sdk/sdk/2.2.0/lib/tinyusb/src/device/usbd.c.o
 .text.tud_task_ext
                0x100045a0      0x250 CMakeFiles/demo.dir/home/austin-tabulog/.pico-sdk/sdk/2.2.0/lib/tinyusb/src/device/usbd.c.o
                0x100045a0                tud_task_ext
 .text.status_stage_xact
                0x100047f0       0x1a CMakeFiles/demo.dir/home/austin-tabulog/.pico-sdk/sdk/2.2.0/lib/tinyusb/src/device/usbd_control.c.o
 *fill*         0x1000480a        0x2 
 .text.data_stage_xact
                0x1000480c       0x5c CMakeFiles/demo.dir/home/austin-tabulog/.pico-sdk/sdk/2.2.0/lib/tinyusb/src/device/usbd_control.c.o
 .text.tud_control_status
                0x10004868       0x28 CMakeFiles/demo.dir/home/austin-tabulog/.pico-sdk/sdk/2.2.0/lib/tinyusb/src/device/usbd_control.c.o
                0x10004868                tud_control_status
 .text.tud_control_xfer
                0x10004890       0xac CMakeFiles/demo.dir/home/austin-tabulog/.pico-sdk/sdk/2.2.0/lib/tinyusb/src/device/usbd_control.c.o
                0x10004890                tud_control_xfer
 .text.usbd_control_reset
                0x1000493c       0x14 CMakeFiles/demo.dir/home/austin-tabulog/.pico-sdk/sdk/2.2.0/lib/tinyusb/src/device/usbd_control.c.o
                0x1000493c                usbd_control_reset
 .text.usbd_control_set_complete_callback
                0x10004950        0xc CMakeFiles/demo.dir/home/austin-tabulog/.pico-sdk/sdk/2.2.0/lib/tinyusb/src/device/usbd_control.c.o
                0x10004950                usbd_control_set_complete_callback
 .text.usbd_control_set_request
                0x1000495c       0x1c CMakeFiles/demo.dir/home/austin-tabulog/.pico-sdk/sdk/2.2.0/lib/tinyusb/src/device/usbd_control.c.o
                0x1000495c                usbd_control_set_request
 .text.usbd_control_xfer_cb
                0x10004978      0x10c CMakeFiles/demo.dir/home/austin-tabulog/.pico-sdk/sdk/2.2.0/lib/tinyusb/src/device/usbd_control.c.o
                0x10004978                usbd_control_xfer_cb
 .text._prep_out_transaction
                0x10004a84       0x94 CMakeFiles/demo.dir/home/austin-tabulog/.pico-sdk/sdk/2.2.0/lib/tinyusb/src/class/cdc/cdc_device.c.o
 .text.tud_cdc_n_connected
                0x10004b18       0x34 CMakeFiles/demo.dir/home/austin-tabulog/.pico-sdk/sdk/2.2.0/lib/tinyusb/src/class/cdc/cdc_device.c.o
                0x10004b18                tud_cdc_n_connected
 .text.tud_cdc_n_available
                0x10004b4c       0x18 CMakeFiles/demo.dir/home/austin-tabulog/.pico-sdk/sdk/2.2.0/lib/tinyusb/src/class/cdc/cdc_device.c.o
                0x10004b4c                tud_cdc_n_available
 .text.tud_cdc_n_read
                0x10004b64       0x34 CMakeFiles/demo.dir/home/austin-tabulog/.pico-sdk/sdk/2.2.0/lib/tinyusb/src/class/cdc/cdc_device.c.o
                0x10004b64                tud_cdc_n_read
 .text.tud_cdc_n_write_flush
                0x10004b98       0xb8 CMakeFiles/demo.dir/home/austin-tabulog/.pico-sdk/sdk/2.2.0/lib/tinyusb/src/class/cdc/cdc_device.c.o
                0x10004b98                tud_cdc_n_write_flush
 .text.tud_cdc_n_write
                0x10004c50       0x44 CMakeFiles/demo.dir/home/austin-tabulog/.pico-sdk/sdk/2.2.0/lib/tinyusb/src/class/cdc/cdc_device.c.o
                0x10004c50                tud_cdc_n_write
 .text.tud_cdc_n_write_available
                0x10004c94       0x1c CMakeFiles/demo.dir/home/austin-tabulog/.pico-sdk/sdk/2.2.0/lib/tinyusb/src/class/cdc/cdc_device.c.o
                0x10004c94                tud_cdc_n_write_available
 .text.cdcd_init
                0x10004cb0       0xa4 CMakeFiles/demo.dir/home/austin-tabulog/.pico-sdk/sdk/2.2.0/lib/tinyusb/src/class/cdc/cdc_device.c.o
                0x10004cb0                cdcd_init
 .text.cdcd_deinit
                0x10004d54       0x40 CMakeFiles/demo.dir/home/austin-tabulog/.pico-sdk/sdk/2.2.0/lib/tinyusb/src/class/cdc/cdc_device.c.o
                0x10004d54                cdcd_deinit
 .text.cdcd_reset
                0x10004d94       0x78 CMakeFiles/demo.dir/home/austin-tabulog/.pico-sdk/sdk/2.2.0/lib/tinyusb/src/class/cdc/cdc_device.c.o
                0x10004d94                cdcd_reset
 .text.cdcd_open
                0x10004e0c      0x124 CMakeFiles/demo.dir/home/austin-tabulog/.pico-sdk/sdk/2.2.0/lib/tinyusb/src/class/cdc/cdc_device.c.o
                0x10004e0c                cdcd_open
 .text.cdcd_control_xfer_cb
                0x10004f30      0x120 CMakeFiles/demo.dir/home/austin-tabulog/.pico-sdk/sdk/2.2.0/lib/tinyusb/src/class/cdc/cdc_device.c.o
                0x10004f30                cdcd_control_xfer_cb
 .text.cdcd_xfer_cb
                0x10005050      0x138 CMakeFiles/demo.dir/home/austin-tabulog/.pico-sdk/sdk/2.2.0/lib/tinyusb/src/class/cdc/cdc_device.c.o
                0x10005050                cdcd_xfer_cb
 .text.tud_vendor_n_mounted
                0x10005188       0x30 CMakeFiles/demo.dir/home/austin-tabulog/.pico-sdk/sdk/2.2.0/lib/tinyusb/src/class/vendor/vendor_device.c.o
                0x10005188                tud_vendor_n_mounted
 .text.tud_vendor_n_write_flush
                0x100051b8       0x20 CMakeFiles/demo.dir/home/austin-tabulog/.pico-sdk/sdk/2.2.0/lib/tinyusb/src/class/vendor/vendor_device.c.o
                0x100051b8                tud_vendor_n_write_flush
 .text.vendord_init
                0x100051d8       0x90 CMakeFiles/demo.dir/home/austin-tabulog/.pico-sdk/sdk/2.2.0/lib/tinyusb/src/class/vendor/vendor_device.c.o
                0x100051d8                vendord_init
 .text.vendord_deinit
                0x10005268       0x30 CMakeFiles/demo.dir/home/austin-tabulog/.pico-sdk/sdk/2.2.0/lib/tinyusb/src/class/vendor/vendor_device.c.o
                0x10005268                vendord_deinit
 .text.vendord_reset
                0x10005298       0x48 CMakeFiles/demo.dir/home/austin-tabulog/.pico-sdk/sdk/2.2.0/lib/tinyusb/src/class/vendor/vendor_device.c.o
                0x10005298                vendord_reset
 .text.vendord_open
                0x100052e0      0x144 CMakeFiles/demo.dir/home/austin-tabulog/.pico-sdk/sdk/2.2.0/lib/tinyusb/src/class/vendor/vendor_device.c.o
                0x100052e0                vendord_open
 .text.vendord_xfer_cb
                0x10005424       0xb8 CMakeFiles/demo.dir/home/austin-tabulog/.pico-sdk/sdk/2.2.0/lib/tinyusb/src/class/vendor/vendor_device.c.o
                0x10005424                vendord_xfer_cb
 .text.tusb_rhport_init
                0x100054dc       0xac CMakeFiles/demo.dir/home/austin-tabulog/.pico-sdk/sdk/2.2.0/lib/tinyusb/src/tusb.c.o
                0x100054dc                tusb_rhport_init
 .text.tu_edpt_claim
                0x10005588       0x50 CMakeFiles/demo.dir/home/austin-tabulog/.pico-sdk/sdk/2.2.0/lib/tinyusb/src/tusb.c.o
                0x10005588                tu_edpt_claim
 .text.tu_edpt_release
                0x100055d8       0x3c CMakeFiles/demo.dir/home/austin-tabulog/.pico-sdk/sdk/2.2.0/lib/tinyusb/src/tusb.c.o
                0x100055d8                tu_edpt_release
 .text.tu_edpt_validate
                0x10005614       0xe0 CMakeFiles/demo.dir/home/austin-tabulog/.pico-sdk/sdk/2.2.0/lib/tinyusb/src/tusb.c.o
                0x10005614                tu_edpt_validate
 .text.tu_edpt_bind_driver
                0x100056f4       0x4a CMakeFiles/demo.dir/home/austin-tabulog/.pico-sdk/sdk/2.2.0/lib/tinyusb/src/tusb.c.o
                0x100056f4                tu_edpt_bind_driver
 .text.tu_edpt_stream_init
                0x1000573e       0x54 CMakeFiles/demo.dir/home/austin-tabulog/.pico-sdk/sdk/2.2.0/lib/tinyusb/src/tusb.c.o
                0x1000573e                tu_edpt_stream_init
 .text.tu_edpt_stream_deinit
                0x10005792        0x4 CMakeFiles/demo.dir/home/austin-tabulog/.pico-sdk/sdk/2.2.0/lib/tinyusb/src/tusb.c.o
                0x10005792                tu_edpt_stream_deinit
 *fill*         0x10005796        0x2 
 .text.tu_edpt_stream_write_zlp_if_needed
                0x10005798       0x90 CMakeFiles/demo.dir/home/austin-tabulog/.pico-sdk/sdk/2.2.0/lib/tinyusb/src/tusb.c.o
                0x10005798                tu_edpt_stream_write_zlp_if_needed
 .text.tu_edpt_stream_write_xfer
                0x10005828       0x98 CMakeFiles/demo.dir/home/austin-tabulog/.pico-sdk/sdk/2.2.0/lib/tinyusb/src/tusb.c.o
                0x10005828                tu_edpt_stream_write_xfer
 .text.tu_edpt_stream_read_xfer
                0x100058c0      0x118 CMakeFiles/demo.dir/home/austin-tabulog/.pico-sdk/sdk/2.2.0/lib/tinyusb/src/tusb.c.o
                0x100058c0                tu_edpt_stream_read_xfer
 .text.advance_index
                0x100059d8       0x1a CMakeFiles/demo.dir/home/austin-tabulog/.pico-sdk/sdk/2.2.0/lib/tinyusb/src/common/tusb_fifo.c.o
 .text._tu_fifo_peek
                0x100059f2       0x62 CMakeFiles/demo.dir/home/austin-tabulog/.pico-sdk/sdk/2.2.0/lib/tinyusb/src/common/tusb_fifo.c.o
 .text._ff_pull_n
                0x10005a54       0x68 CMakeFiles/demo.dir/home/austin-tabulog/.pico-sdk/sdk/2.2.0/lib/tinyusb/src/common/tusb_fifo.c.o
 .text._tu_fifo_peek_n
                0x10005abc       0x6a CMakeFiles/demo.dir/home/austin-tabulog/.pico-sdk/sdk/2.2.0/lib/tinyusb/src/common/tusb_fifo.c.o
 .text._tu_fifo_read_n
                0x10005b26       0x4c CMakeFiles/demo.dir/home/austin-tabulog/.pico-sdk/sdk/2.2.0/lib/tinyusb/src/common/tusb_fifo.c.o
 .text._ff_push_n
                0x10005b72       0x66 CMakeFiles/demo.dir/home/austin-tabulog/.pico-sdk/sdk/2.2.0/lib/tinyusb/src/common/tusb_fifo.c.o
 .text._tu_fifo_write_n
                0x10005bd8       0xf0 CMakeFiles/demo.dir/home/austin-tabulog/.pico-sdk/sdk/2.2.0/lib/tinyusb/src/common/tusb_fifo.c.o
 .text.tu_fifo_config
                0x10005cc8       0x62 CMakeFiles/demo.dir/home/austin-tabulog/.pico-sdk/sdk/2.2.0/lib/tinyusb/src/common/tusb_fifo.c.o
                0x10005cc8                tu_fifo_config
 .text.tu_fifo_count
                0x10005d2a       0x28 CMakeFiles/demo.dir/home/austin-tabulog/.pico-sdk/sdk/2.2.0/lib/tinyusb/src/common/tusb_fifo.c.o
                0x10005d2a                tu_fifo_count
 .text.tu_fifo_empty
                0x10005d52       0x12 CMakeFiles/demo.dir/home/austin-tabulog/.pico-sdk/sdk/2.2.0/lib/tinyusb/src/common/tusb_fifo.c.o
                0x10005d52                tu_fifo_empty
 .text.tu_fifo_full
                0x10005d64       0x28 CMakeFiles/demo.dir/home/austin-tabulog/.pico-sdk/sdk/2.2.0/lib/tinyusb/src/common/tusb_fifo.c.o
                0x10005d64                tu_fifo_full
 .text.tu_fifo_remaining
                0x10005d8c       0x2c CMakeFiles/demo.dir/home/austin-tabulog/.pico-sdk/sdk/2.2.0/lib/tinyusb/src/common/tusb_fifo.c.o
                0x10005d8c                tu_fifo_remaining
 .text.tu_fifo_read
                0x10005db8       0x3e CMakeFiles/demo.dir/home/austin-tabulog/.pico-sdk/sdk/2.2.0/lib/tinyusb/src/common/tusb_fifo.c.o
                0x10005db8                tu_fifo_read
 .text.tu_fifo_read_n
                0x10005df6        0xa CMakeFiles/demo.dir/home/austin-tabulog/.pico-sdk/sdk/2.2.0/lib/tinyusb/src/common/tusb_fifo.c.o
                0x10005df6                tu_fifo_read_n
 .text.tu_fifo_write
                0x10005e00       0x5e CMakeFiles/demo.dir/home/austin-tabulog/.pico-sdk/sdk/2.2.0/lib/tinyusb/src/common/tusb_fifo.c.o
                0x10005e00                tu_fifo_write
 .text.tu_fifo_write_n
                0x10005e5e        0xa CMakeFiles/demo.dir/home/austin-tabulog/.pico-sdk/sdk/2.2.0/lib/tinyusb/src/common/tusb_fifo.c.o
                0x10005e5e                tu_fifo_write_n
 .text.tu_fifo_clear
                0x10005e68       0x36 CMakeFiles/demo.dir/home/austin-tabulog/.pico-sdk/sdk/2.2.0/lib/tinyusb/src/common/tusb_fifo.c.o
                0x10005e68                tu_fifo_clear
 .text.tu_fifo_set_overwritable
                0x10005e9e       0x3a CMakeFiles/demo.dir/home/austin-tabulog/.pico-sdk/sdk/2.2.0/lib/tinyusb/src/common/tusb_fifo.c.o
                0x10005e9e                tu_fifo_set_overwritable
 .text.memset   0x10005ed8       0x9c /home/austin-tabulog/.pico-sdk/toolchain/14_2_Rel1/bin/../lib/gcc/arm-none-eabi/14.2.1/../../../../arm-none-eabi/lib/thumb/v8-m.main+fp/softfp/libg.a(libc_a-memset.o)
                0x10005ed8                memset
 .text          0x10005f74       0xec /home/austin-tabulog/.pico-sdk/toolchain/14_2_Rel1/bin/../lib/gcc/arm-none-eabi/14.2.1/../../../../arm-none-eabi/lib/thumb/v8-m.main+fp/softfp/libg.a(libc_a-memcpy.o)
                0x10005f74                memcpy
 .text.strlen   0x10006060       0x5c /home/austin-tabulog/.pico-sdk/toolchain/14_2_Rel1/bin/../lib/gcc/arm-none-eabi/14.2.1/../../../../arm-none-eabi/lib/thumb/v8-m.main+fp/softfp/libg.a(libc_a-strlen-stub.o)
                0x10006060                strlen
 *(.fini)
 .fini          0x100060bc        0x4 /home/austin-tabulog/.pico-sdk/toolchain/14_2_Rel1/bin/../lib/gcc/arm-none-eabi/14.2.1/thumb/v8-m.main+fp/softfp/crti.o
                0x100060bc                _fini
 .fini.__stub   0x100060c0       0x58 linker stubs
 *crtbegin.o(.ctors)
 *crtbegin?.o(.ctors)
 *(EXCLUDE_FILE(*crtend.o *crtend?.o) .ctors)
 *(SORT_BY_NAME(.ctors.*))
 *(.ctors)
 *crtbegin.o(.dtors)
 *crtbegin?.o(.dtors)
 *(EXCLUDE_FILE(*crtend.o *crtend?.o) .dtors)
 *(SORT_BY_NAME(.dtors.*))
 *(.dtors)
                0x10006118                        . = ALIGN (0x4)
                0x10006118                        PROVIDE (__preinit_array_start = .)
 *(SORT_BY_NAME(.preinit_array.*))
 .preinit_array.00050
                0x10006118        0x4 CMakeFiles/demo.dir/home/austin-tabulog/.pico-sdk/sdk/2.2.0/src/rp2_common/pico_runtime_init/runtime_init.c.o
                0x10006118                __pre_init_runtime_init_bootrom_reset
 .preinit_array.00100
                0x1000611c        0x4 CMakeFiles/demo.dir/home/austin-tabulog/.pico-sdk/sdk/2.2.0/src/rp2_common/pico_runtime_init/runtime_init.c.o
                0x1000611c                __pre_init_runtime_init_early_resets
 .preinit_array.00101
                0x10006120        0x4 CMakeFiles/demo.dir/home/austin-tabulog/.pico-sdk/sdk/2.2.0/src/rp2_common/pico_runtime_init/runtime_init.c.o
                0x10006120                __pre_init_runtime_init_usb_power_down
 .preinit_array.00500
                0x10006124        0x4 CMakeFiles/demo.dir/home/austin-tabulog/.pico-sdk/sdk/2.2.0/src/rp2_common/pico_runtime_init/runtime_init.c.o
                0x10006124                __pre_init_runtime_init_clocks
 .preinit_array.00600
                0x10006128        0x4 CMakeFiles/demo.dir/home/austin-tabulog/.pico-sdk/sdk/2.2.0/src/rp2_common/pico_runtime_init/runtime_init.c.o
                0x10006128                __pre_init_runtime_init_post_clock_resets
 .preinit_array.01000
                0x1000612c        0x4 CMakeFiles/demo.dir/home/austin-tabulog/.pico-sdk/sdk/2.2.0/src/rp2_common/hardware_boot_lock/boot_lock.c.o
                0x1000612c                __pre_init_runtime_init_boot_locks_reset
 .preinit_array.01000
                0x10006130        0x4 CMakeFiles/demo.dir/home/austin-tabulog/.pico-sdk/sdk/2.2.0/src/rp2_common/pico_runtime_init/runtime_init.c.o
                0x10006130                __pre_init_runtime_init_spin_locks_reset
 .preinit_array.01010
                0x10006134        0x4 CMakeFiles/demo.dir/home/austin-tabulog/.pico-sdk/sdk/2.2.0/src/rp2_common/pico_bootrom/bootrom_lock.c.o
                0x10006134                __pre_init_runtime_init_bootrom_locking_enable
 .preinit_array.01100
                0x10006138        0x4 CMakeFiles/demo.dir/home/austin-tabulog/.pico-sdk/sdk/2.2.0/src/common/pico_sync/mutex.c.o
                0x10006138                __pre_init_runtime_init_mutex
 .preinit_array.10080
                0x1000613c        0x4 CMakeFiles/demo.dir/home/austin-tabulog/.pico-sdk/sdk/2.2.0/src/rp2_common/pico_runtime_init/runtime_init.c.o
                0x1000613c                __pre_init_runtime_init_install_ram_vector_table
 .preinit_array.11000
                0x10006140        0x4 CMakeFiles/demo.dir/home/austin-tabulog/.pico-sdk/sdk/2.2.0/src/common/pico_time/time.c.o
                0x10006140                __pre_init_runtime_init_default_alarm_pool
 .preinit_array.YYYYY
                0x10006144        0x4 CMakeFiles/demo.dir/home/austin-tabulog/.pico-sdk/sdk/2.2.0/src/rp2_common/pico_runtime/runtime.c.o
                0x10006144                __pre_init_first_per_core_initializer
 .preinit_array.ZZZZZ.00051
                0x10006148        0x4 CMakeFiles/demo.dir/home/austin-tabulog/.pico-sdk/sdk/2.2.0/src/rp2_common/pico_runtime_init/runtime_init.c.o
                0x10006148                __pre_init_runtime_init_per_core_bootrom_reset
 .preinit_array.ZZZZZ.00200
                0x1000614c        0x4 CMakeFiles/demo.dir/home/austin-tabulog/.pico-sdk/sdk/2.2.0/src/rp2_common/pico_runtime_init/runtime_init.c.o
                0x1000614c                __pre_init_runtime_init_per_core_enable_coprocessors
 .preinit_array.ZZZZZ.01000
                0x10006150        0x4 CMakeFiles/demo.dir/home/austin-tabulog/.pico-sdk/sdk/2.2.0/src/rp2_common/hardware_sync_spin_lock/sync_spin_lock.c.o
                0x10006150                __pre_init_spinlock_set_extexclall
 .preinit_array.ZZZZZ.01200
                0x10006154        0x4 CMakeFiles/demo.dir/home/austin-tabulog/.pico-sdk/sdk/2.2.0/src/rp2_common/hardware_irq/irq.c.o
                0x10006154                __pre_init_runtime_init_per_core_irq_priorities
 *(.preinit_array)
                0x10006158                        PROVIDE (__preinit_array_end = .)
                0x10006158                        . = ALIGN (0x4)
                0x10006158                        PROVIDE (__init_array_start = .)
 *(SORT_BY_NAME(.init_array.*))
 .init_array.01000
                0x10006158        0x4 CMakeFiles/demo.dir/home/austin-tabulog/.pico-sdk/sdk/2.2.0/src/rp2_common/pico_unique_id/unique_id.c.o
 *(.init_array)
 .init_array    0x1000615c        0x4 /home/austin-tabulog/.pico-sdk/toolchain/14_2_Rel1/bin/../lib/gcc/arm-none-eabi/14.2.1/thumb/v8-m.main+fp/softfp/crtbegin.o
                0x10006160                        PROVIDE (__init_array_end = .)
                0x10006160                        . = ALIGN (0x4)
                [!provide]                        PROVIDE (__fini_array_start = .)
 *(SORT_BY_NAME(.fini_array.*))
 *(.fini_array)
                [!provide]                        PROVIDE (__fini_array_end = .)
 *(.eh_frame*)
 .eh_frame      0x10006160        0x0 /home/austin-tabulog/.pico-sdk/toolchain/14_2_Rel1/bin/../lib/gcc/arm-none-eabi/14.2.1/thumb/v8-m.main+fp/softfp/crtbegin.o
                0x10006160                        . = ALIGN (0x4)

.glue_7         0x10006160        0x0
 .glue_7        0x10006160        0x0 linker stubs

.glue_7t        0x10006160        0x0
 .glue_7t       0x10006160        0x0 linker stubs

.vfp11_veneer   0x10006160        0x0
 .vfp11_veneer  0x10006160        0x0 linker stubs

.v4_bx          0x10006160        0x0
 .v4_bx         0x10006160        0x0 linker stubs

.iplt           0x10006160        0x0
 .iplt          0x10006160        0x0 /home/austin-tabulog/.pico-sdk/toolchain/14_2_Rel1/bin/../lib/gcc/arm-none-eabi/14.2.1/thumb/v8-m.main+fp/softfp/crtbegin.o

.boot2          0x10006160        0x0
                0x10006160                        __boot2_start__ = .
 *(.boot2)
                0x10006160                        __boot2_end__ = .
                0x00000001                        ASSERT (((__boot2_end__ - __boot2_start__) <= 0x100), ERROR: Pico second stage bootloader must be no more than 256 bytes in size)

.rodata         0x10006160      0xe64
 *(EXCLUDE_FILE(*libm.a: *libc.a:*lib_a-mem*.o *libgcc.a:) .rodata*)
 .rodata.main.str1.4
                0x10006160      0x8bb CMakeFiles/demo.dir/demo.cpp.o
                                  0xe (size before relaxing)
 .rodata.panic.str1.4
                0x10006a1b       0x12 CMakeFiles/demo.dir/home/austin-tabulog/.pico-sdk/sdk/2.2.0/src/rp2_common/pico_platform_panic/panic.c.o
 .rodata.spin_lock_claim_unused.str1.4
                0x10006a1b       0x1b CMakeFiles/demo.dir/home/austin-tabulog/.pico-sdk/sdk/2.2.0/src/rp2_common/hardware_sync/sync.c.o
 .rodata.resolve_j_16.str1.4
                0x10006a1b       0x63 CMakeFiles/demo.dir/home/austin-tabulog/.pico-sdk/sdk/2.2.0/src/rp2_common/hardware_irq/irq.c.o
 .rodata.make_j_16.str1.4
                0x10006a1b       0x30 CMakeFiles/demo.dir/home/austin-tabulog/.pico-sdk/sdk/2.2.0/src/rp2_common/hardware_irq/irq.c.o
 .rodata.irq_set_exclusive_handler.str1.4
                0x10006a1b       0x36 CMakeFiles/demo.dir/home/austin-tabulog/.pico-sdk/sdk/2.2.0/src/rp2_common/hardware_irq/irq.c.o
 .rodata.irq_add_shared_handler.str1.4
                0x10006a1b       0xd2 CMakeFiles/demo.dir/home/austin-tabulog/.pico-sdk/sdk/2.2.0/src/rp2_common/hardware_irq/irq.c.o
 .rodata.irq_add_tail_to_free_list.str1.4
                0x10006a1b       0x3a CMakeFiles/demo.dir/home/austin-tabulog/.pico-sdk/sdk/2.2.0/src/rp2_common/hardware_irq/irq.c.o
 .rodata.user_irq_claim_unused.str1.4
                0x10006a1b       0x1b CMakeFiles/demo.dir/home/austin-tabulog/.pico-sdk/sdk/2.2.0/src/rp2_common/hardware_irq/irq.c.o
 *fill*         0x10006a1b        0x1 
 .rodata.__func__.0
                0x10006a1c       0x1a CMakeFiles/demo.dir/home/austin-tabulog/.pico-sdk/sdk/2.2.0/src/rp2_common/hardware_irq/irq.c.o
 *fill*         0x10006a36        0x2 
 .rodata.__func__.3
                0x10006a38        0xa CMakeFiles/demo.dir/home/austin-tabulog/.pico-sdk/sdk/2.2.0/src/rp2_common/hardware_irq/irq.c.o
 *fill*         0x10006a42        0x2 
 .rodata.__func__.4
                0x10006a44        0xd CMakeFiles/demo.dir/home/austin-tabulog/.pico-sdk/sdk/2.2.0/src/rp2_common/hardware_irq/irq.c.o
 *fill*         0x10006a51        0x3 
 .rodata.__func__.5
                0x10006a54       0x17 CMakeFiles/demo.dir/home/austin-tabulog/.pico-sdk/sdk/2.2.0/src/rp2_common/hardware_irq/irq.c.o
 *fill*         0x10006a6b        0x1 
 .rodata.__func__.6
                0x10006a6c       0x1a CMakeFiles/demo.dir/home/austin-tabulog/.pico-sdk/sdk/2.2.0/src/rp2_common/hardware_irq/irq.c.o
 .rodata.runtime_init_mutex.str1.4
                0x10006a86       0x66 CMakeFiles/demo.dir/home/austin-tabulog/.pico-sdk/sdk/2.2.0/src/common/pico_sync/mutex.c.o
 .rodata.str1.4
                0x10006a86       0x51 CMakeFiles/demo.dir/home/austin-tabulog/.pico-sdk/sdk/2.2.0/src/common/pico_sync/mutex.c.o
 *fill*         0x10006a86        0x2 
 .rodata.__func__.1
                0x10006a88        0xb CMakeFiles/demo.dir/home/austin-tabulog/.pico-sdk/sdk/2.2.0/src/common/pico_sync/mutex.c.o
 *fill*         0x10006a93        0x1 
 .rodata.__func__.3
                0x10006a94       0x18 CMakeFiles/demo.dir/home/austin-tabulog/.pico-sdk/sdk/2.2.0/src/common/pico_sync/mutex.c.o
 .rodata.__func__.6
                0x10006aac       0x13 CMakeFiles/demo.dir/home/austin-tabulog/.pico-sdk/sdk/2.2.0/src/common/pico_sync/mutex.c.o
 .rodata.alarm_pool_irq_handler.str1.4
                0x10006abf       0x71 CMakeFiles/demo.dir/home/austin-tabulog/.pico-sdk/sdk/2.2.0/src/common/pico_time/time.c.o
 .rodata.alarm_pool_get_default.str1.4
                0x10006abf       0x21 CMakeFiles/demo.dir/home/austin-tabulog/.pico-sdk/sdk/2.2.0/src/common/pico_time/time.c.o
 .rodata.sleep_until.str1.4
                0x10006abf       0x4d CMakeFiles/demo.dir/home/austin-tabulog/.pico-sdk/sdk/2.2.0/src/common/pico_time/time.c.o
 *fill*         0x10006abf        0x1 
 .rodata.__func__.1
                0x10006ac0       0x17 CMakeFiles/demo.dir/home/austin-tabulog/.pico-sdk/sdk/2.2.0/src/common/pico_time/time.c.o
 *fill*         0x10006ad7        0x1 
 .rodata.__func__.2
                0x10006ad8       0x17 CMakeFiles/demo.dir/home/austin-tabulog/.pico-sdk/sdk/2.2.0/src/common/pico_time/time.c.o
 .rodata.timer_hardware_alarm_claim.str1.4
                0x10006aef       0x22 CMakeFiles/demo.dir/home/austin-tabulog/.pico-sdk/sdk/2.2.0/src/rp2_common/hardware_timer/timer.c.o
 .rodata.pll_init.str1.4
                0x10006aef      0x120 CMakeFiles/demo.dir/home/austin-tabulog/.pico-sdk/sdk/2.2.0/src/rp2_common/hardware_pll/pll.c.o
 *fill*         0x10006aef        0x1 
 .rodata.__func__.0
                0x10006af0        0x9 CMakeFiles/demo.dir/home/austin-tabulog/.pico-sdk/sdk/2.2.0/src/rp2_common/hardware_pll/pll.c.o
 .rodata.str1.4
                0x10006af9       0x40 CMakeFiles/demo.dir/home/austin-tabulog/.pico-sdk/sdk/2.2.0/src/rp2_common/pico_standard_binary_info/standard_binary_info.c.o
 *fill*         0x10006af9        0x3 
 .rodata.__bi_84
                0x10006afc        0xc CMakeFiles/demo.dir/home/austin-tabulog/.pico-sdk/sdk/2.2.0/src/rp2_common/pico_standard_binary_info/standard_binary_info.c.o
 .rodata.__bi_78
                0x10006b08        0xc CMakeFiles/demo.dir/home/austin-tabulog/.pico-sdk/sdk/2.2.0/src/rp2_common/pico_standard_binary_info/standard_binary_info.c.o
 .rodata.__bi_60
                0x10006b14        0xc CMakeFiles/demo.dir/home/austin-tabulog/.pico-sdk/sdk/2.2.0/src/rp2_common/pico_standard_binary_info/standard_binary_info.c.o
 .rodata.__bi_54
                0x10006b20        0xc CMakeFiles/demo.dir/home/austin-tabulog/.pico-sdk/sdk/2.2.0/src/rp2_common/pico_standard_binary_info/standard_binary_info.c.o
 .rodata.__bi_48
                0x10006b2c        0xc CMakeFiles/demo.dir/home/austin-tabulog/.pico-sdk/sdk/2.2.0/src/rp2_common/pico_standard_binary_info/standard_binary_info.c.o
 .rodata.__bi_42
                0x10006b38        0xc CMakeFiles/demo.dir/home/austin-tabulog/.pico-sdk/sdk/2.2.0/src/rp2_common/pico_standard_binary_info/standard_binary_info.c.o
 .rodata.__bi_34
                0x10006b44        0xc CMakeFiles/demo.dir/home/austin-tabulog/.pico-sdk/sdk/2.2.0/src/rp2_common/pico_standard_binary_info/standard_binary_info.c.o
 .rodata.__bi_26
                0x10006b50        0xc CMakeFiles/demo.dir/home/austin-tabulog/.pico-sdk/sdk/2.2.0/src/rp2_common/pico_standard_binary_info/standard_binary_info.c.o
 .rodata._ftoa.str1.4
                0x10006b5c       0x15 CMakeFiles/demo.dir/home/austin-tabulog/.pico-sdk/sdk/2.2.0/src/rp2_common/pico_printf/printf.c.o
 *fill*         0x10006b5c        0x4 
 .rodata.pow10.0
                0x10006b60       0x50 CMakeFiles/demo.dir/home/austin-tabulog/.pico-sdk/sdk/2.2.0/src/rp2_common/pico_printf/printf.c.o
 .rodata.__assert_func.str1.4
                0x10006bb0       0x43 CMakeFiles/demo.dir/home/austin-tabulog/.pico-sdk/sdk/2.2.0/src/rp2_common/pico_clib_interface/newlib_interface.c.o
 .rodata.crlf_str.0
                0x10006bb0        0x2 CMakeFiles/demo.dir/home/austin-tabulog/.pico-sdk/sdk/2.2.0/src/rp2_common/pico_stdio/stdio.c.o
 *fill*         0x10006bb2        0x2 
 .rodata._resetd_driver
                0x10006bb4       0x20 CMakeFiles/demo.dir/home/austin-tabulog/.pico-sdk/sdk/2.2.0/src/rp2_common/pico_stdio_usb/reset_interface.c.o
 .rodata.desc_ms_os_20
                0x10006bd4       0xa6 CMakeFiles/demo.dir/home/austin-tabulog/.pico-sdk/sdk/2.2.0/src/rp2_common/pico_stdio_usb/reset_interface.c.o
 *fill*         0x10006c7a        0x2 
 .rodata.desc_bos
                0x10006c7c       0x21 CMakeFiles/demo.dir/home/austin-tabulog/.pico-sdk/sdk/2.2.0/src/rp2_common/pico_stdio_usb/reset_interface.c.o
                0x10006c7c                desc_bos
 .rodata.stdio_usb_init.str1.4
                0x10006c9d       0x5b CMakeFiles/demo.dir/home/austin-tabulog/.pico-sdk/sdk/2.2.0/src/rp2_common/pico_stdio_usb/stdio_usb.c.o
 .rodata.str1.4
                0x10006c9d       0x13 CMakeFiles/demo.dir/home/austin-tabulog/.pico-sdk/sdk/2.2.0/src/rp2_common/pico_stdio_usb/stdio_usb.c.o
 *fill*         0x10006c9d        0x3 
 .rodata.__bi_202.1
                0x10006ca0        0xc CMakeFiles/demo.dir/home/austin-tabulog/.pico-sdk/sdk/2.2.0/src/rp2_common/pico_stdio_usb/stdio_usb.c.o
 .rodata.__func__.2
                0x10006cac        0xf CMakeFiles/demo.dir/home/austin-tabulog/.pico-sdk/sdk/2.2.0/src/rp2_common/pico_stdio_usb/stdio_usb.c.o
 .rodata.str1.4
                0x10006cbb       0x2a CMakeFiles/demo.dir/home/austin-tabulog/.pico-sdk/sdk/2.2.0/src/rp2_common/pico_stdio_usb/stdio_usb_descriptors.c.o
 *fill*         0x10006cbb        0x1 
 .rodata.usbd_desc_str
                0x10006cbc       0x18 CMakeFiles/demo.dir/home/austin-tabulog/.pico-sdk/sdk/2.2.0/src/rp2_common/pico_stdio_usb/stdio_usb_descriptors.c.o
 .rodata.usbd_desc_cfg
                0x10006cd4       0x54 CMakeFiles/demo.dir/home/austin-tabulog/.pico-sdk/sdk/2.2.0/src/rp2_common/pico_stdio_usb/stdio_usb_descriptors.c.o
 .rodata.usbd_desc_device
                0x10006d28       0x12 CMakeFiles/demo.dir/home/austin-tabulog/.pico-sdk/sdk/2.2.0/src/rp2_common/pico_stdio_usb/stdio_usb_descriptors.c.o
 .rodata._retrieve_unique_id_on_boot.str1.4
                0x10006d3a       0x5b CMakeFiles/demo.dir/home/austin-tabulog/.pico-sdk/sdk/2.2.0/src/rp2_common/pico_unique_id/unique_id.c.o
 .rodata.pico_get_unique_board_id_string.str1.4
                0x10006d3a        0x8 CMakeFiles/demo.dir/home/austin-tabulog/.pico-sdk/sdk/2.2.0/src/rp2_common/pico_unique_id/unique_id.c.o
 *fill*         0x10006d3a        0x2 
 .rodata.__func__.0
                0x10006d3c       0x20 CMakeFiles/demo.dir/home/austin-tabulog/.pico-sdk/sdk/2.2.0/src/rp2_common/pico_unique_id/unique_id.c.o
 .rodata.__func__.1
                0x10006d5c       0x1c CMakeFiles/demo.dir/home/austin-tabulog/.pico-sdk/sdk/2.2.0/src/rp2_common/pico_unique_id/unique_id.c.o
 .rodata.hw_endpoint_alloc.str1.4
                0x10006d78       0xa6 CMakeFiles/demo.dir/home/austin-tabulog/.pico-sdk/sdk/2.2.0/lib/tinyusb/src/portable/raspberrypi/rp2040/dcd_rp2040.c.o
 .rodata.str1.4
                0x10006d78       0x14 CMakeFiles/demo.dir/home/austin-tabulog/.pico-sdk/sdk/2.2.0/lib/tinyusb/src/portable/raspberrypi/rp2040/dcd_rp2040.c.o
 .rodata.dcd_int_enable.str1.4
                0x10006d78        0xc CMakeFiles/demo.dir/home/austin-tabulog/.pico-sdk/sdk/2.2.0/lib/tinyusb/src/portable/raspberrypi/rp2040/dcd_rp2040.c.o
 .rodata.__func__.0
                0x10006d78        0xe CMakeFiles/demo.dir/home/austin-tabulog/.pico-sdk/sdk/2.2.0/lib/tinyusb/src/portable/raspberrypi/rp2040/dcd_rp2040.c.o
 *fill*         0x10006d86        0x2 
 .rodata.__func__.3
                0x10006d88       0x10 CMakeFiles/demo.dir/home/austin-tabulog/.pico-sdk/sdk/2.2.0/lib/tinyusb/src/portable/raspberrypi/rp2040/dcd_rp2040.c.o
 .rodata.__func__.5
                0x10006d98        0xf CMakeFiles/demo.dir/home/austin-tabulog/.pico-sdk/sdk/2.2.0/lib/tinyusb/src/portable/raspberrypi/rp2040/dcd_rp2040.c.o
 *fill*         0x10006da7        0x1 
 .rodata.__func__.6
                0x10006da8       0x12 CMakeFiles/demo.dir/home/austin-tabulog/.pico-sdk/sdk/2.2.0/lib/tinyusb/src/portable/raspberrypi/rp2040/dcd_rp2040.c.o
 *fill*         0x10006dba        0x2 
 .rodata.__func__.7
                0x10006dbc        0x9 CMakeFiles/demo.dir/home/austin-tabulog/.pico-sdk/sdk/2.2.0/lib/tinyusb/src/portable/raspberrypi/rp2040/dcd_rp2040.c.o
 .rodata.str1.4
                0x10006dc5       0xec CMakeFiles/demo.dir/home/austin-tabulog/.pico-sdk/sdk/2.2.0/lib/tinyusb/src/portable/raspberrypi/rp2040/rp2040_usb.c.o
 .rodata.hw_endpoint_xfer_start.str1.4
                0x10006dc5       0x38 CMakeFiles/demo.dir/home/austin-tabulog/.pico-sdk/sdk/2.2.0/lib/tinyusb/src/portable/raspberrypi/rp2040/rp2040_usb.c.o
 *fill*         0x10006dc5        0x3 
 .rodata.__func__.0
                0x10006dc8        0xf CMakeFiles/demo.dir/home/austin-tabulog/.pico-sdk/sdk/2.2.0/lib/tinyusb/src/portable/raspberrypi/rp2040/rp2040_usb.c.o
 .rodata.configuration_reset.str1.4
                0x10006dd7       0x17 CMakeFiles/demo.dir/home/austin-tabulog/.pico-sdk/sdk/2.2.0/lib/tinyusb/src/device/usbd.c.o
 *fill*         0x10006dd7        0x1 
 .rodata.__func__.3
                0x10006dd8        0xf CMakeFiles/demo.dir/home/austin-tabulog/.pico-sdk/sdk/2.2.0/lib/tinyusb/src/device/usbd.c.o
 *fill*         0x10006de7        0x1 
 .rodata.__func__.4
                0x10006de8        0xf CMakeFiles/demo.dir/home/austin-tabulog/.pico-sdk/sdk/2.2.0/lib/tinyusb/src/device/usbd.c.o
 *fill*         0x10006df7        0x1 
 .rodata.__func__.5
                0x10006df8       0x14 CMakeFiles/demo.dir/home/austin-tabulog/.pico-sdk/sdk/2.2.0/lib/tinyusb/src/device/usbd.c.o
 .rodata.__func__.6
                0x10006e0c        0xc CMakeFiles/demo.dir/home/austin-tabulog/.pico-sdk/sdk/2.2.0/lib/tinyusb/src/device/usbd.c.o
 .rodata.__func__.7
                0x10006e18       0x17 CMakeFiles/demo.dir/home/austin-tabulog/.pico-sdk/sdk/2.2.0/lib/tinyusb/src/device/usbd.c.o
 *fill*         0x10006e2f        0x1 
 .rodata.__func__.8
                0x10006e30       0x13 CMakeFiles/demo.dir/home/austin-tabulog/.pico-sdk/sdk/2.2.0/lib/tinyusb/src/device/usbd.c.o
 *fill*         0x10006e43        0x1 
 .rodata.__func__.9
                0x10006e44       0x18 CMakeFiles/demo.dir/home/austin-tabulog/.pico-sdk/sdk/2.2.0/lib/tinyusb/src/device/usbd.c.o
 .rodata.__func__.10
                0x10006e5c       0x14 CMakeFiles/demo.dir/home/austin-tabulog/.pico-sdk/sdk/2.2.0/lib/tinyusb/src/device/usbd.c.o
 .rodata.__func__.11
                0x10006e70        0xd CMakeFiles/demo.dir/home/austin-tabulog/.pico-sdk/sdk/2.2.0/lib/tinyusb/src/device/usbd.c.o
 *fill*         0x10006e7d        0x3 
 .rodata.__func__.12
                0x10006e80       0x10 CMakeFiles/demo.dir/home/austin-tabulog/.pico-sdk/sdk/2.2.0/lib/tinyusb/src/device/usbd.c.o
 .rodata._usbd_driver
                0x10006e90       0x40 CMakeFiles/demo.dir/home/austin-tabulog/.pico-sdk/sdk/2.2.0/lib/tinyusb/src/device/usbd.c.o
 .rodata.tud_control_xfer.str1.4
                0x10006ed0       0x17 CMakeFiles/demo.dir/home/austin-tabulog/.pico-sdk/sdk/2.2.0/lib/tinyusb/src/device/usbd_control.c.o
 .rodata.__func__.0
                0x10006ed0       0x15 CMakeFiles/demo.dir/home/austin-tabulog/.pico-sdk/sdk/2.2.0/lib/tinyusb/src/device/usbd_control.c.o
 *fill*         0x10006ee5        0x3 
 .rodata.__func__.1
                0x10006ee8       0x11 CMakeFiles/demo.dir/home/austin-tabulog/.pico-sdk/sdk/2.2.0/lib/tinyusb/src/device/usbd_control.c.o
 .rodata.tud_cdc_n_write_flush.str1.4
                0x10006ef9       0x17 CMakeFiles/demo.dir/home/austin-tabulog/.pico-sdk/sdk/2.2.0/lib/tinyusb/src/class/cdc/cdc_device.c.o
 *fill*         0x10006ef9        0x3 
 .rodata.__func__.0
                0x10006efc        0xd CMakeFiles/demo.dir/home/austin-tabulog/.pico-sdk/sdk/2.2.0/lib/tinyusb/src/class/cdc/cdc_device.c.o
 *fill*         0x10006f09        0x3 
 .rodata.__func__.1
                0x10006f0c        0xa CMakeFiles/demo.dir/home/austin-tabulog/.pico-sdk/sdk/2.2.0/lib/tinyusb/src/class/cdc/cdc_device.c.o
 *fill*         0x10006f16        0x2 
 .rodata.__func__.3
                0x10006f18       0x16 CMakeFiles/demo.dir/home/austin-tabulog/.pico-sdk/sdk/2.2.0/lib/tinyusb/src/class/cdc/cdc_device.c.o
 .rodata.vendord_open.str1.4
                0x10006f2e       0x17 CMakeFiles/demo.dir/home/austin-tabulog/.pico-sdk/sdk/2.2.0/lib/tinyusb/src/class/vendor/vendor_device.c.o
 *fill*         0x10006f2e        0x2 
 .rodata.__func__.0
                0x10006f30        0xd CMakeFiles/demo.dir/home/austin-tabulog/.pico-sdk/sdk/2.2.0/lib/tinyusb/src/class/vendor/vendor_device.c.o
 .rodata.tusb_rhport_init.str1.4
                0x10006f3d       0x17 CMakeFiles/demo.dir/home/austin-tabulog/.pico-sdk/sdk/2.2.0/lib/tinyusb/src/tusb.c.o
 *fill*         0x10006f3d        0x3 
 .rodata.__func__.0
                0x10006f40       0x19 CMakeFiles/demo.dir/home/austin-tabulog/.pico-sdk/sdk/2.2.0/lib/tinyusb/src/tusb.c.o
 *fill*         0x10006f59        0x3 
 .rodata.__func__.2
                0x10006f5c       0x1a CMakeFiles/demo.dir/home/austin-tabulog/.pico-sdk/sdk/2.2.0/lib/tinyusb/src/tusb.c.o
 *fill*         0x10006f76        0x2 
 .rodata.__func__.3
                0x10006f78       0x23 CMakeFiles/demo.dir/home/austin-tabulog/.pico-sdk/sdk/2.2.0/lib/tinyusb/src/tusb.c.o
 *fill*         0x10006f9b        0x1 
 .rodata.__func__.4
                0x10006f9c       0x11 CMakeFiles/demo.dir/home/austin-tabulog/.pico-sdk/sdk/2.2.0/lib/tinyusb/src/tusb.c.o
 *fill*         0x10006fad        0x3 
 .rodata.__func__.5
                0x10006fb0       0x11 CMakeFiles/demo.dir/home/austin-tabulog/.pico-sdk/sdk/2.2.0/lib/tinyusb/src/tusb.c.o
 *(.srodata*)
                0x10006fc4                        . = ALIGN (0x4)
 *fill*         0x10006fc1        0x3 
 *(SORT_BY_ALIGNMENT(SORT_BY_NAME(.flashdata*)))
                0x10006fc4                        . = ALIGN (0x4)

.ARM.extab
 *(.ARM.extab* .gnu.linkonce.armextab.*)
                0x10006fc4                        __exidx_start = .

.ARM.exidx      0x10006fc4        0x8
 *(.ARM.exidx* .gnu.linkonce.armexidx.*)
 .ARM.exidx     0x10006fc4        0x8 /home/austin-tabulog/.pico-sdk/toolchain/14_2_Rel1/bin/../lib/gcc/arm-none-eabi/14.2.1/../../../../arm-none-eabi/lib/thumb/v8-m.main+fp/softfp/libg.a(libc_a-memcpy.o)
 .ARM.exidx.text.__udivmoddi4
                0x10006fcc        0x0 /home/austin-tabulog/.pico-sdk/toolchain/14_2_Rel1/bin/../lib/gcc/arm-none-eabi/14.2.1/thumb/v8-m.main+fp/softfp/libgcc.a(_udivmoddi4.o)
                                  0x8 (size before relaxing)
                0x10006fcc                        __exidx_end = .
                0x10006fcc                        . = ALIGN (0x4)
                0x10006fcc                        __binary_info_start = .

.binary_info    0x10006fcc       0x24
 *(.binary_info.keep.*)
 .binary_info.keep.__bi_ptr84
                0x10006fcc        0x4 CMakeFiles/demo.dir/home/austin-tabulog/.pico-sdk/sdk/2.2.0/src/rp2_common/pico_standard_binary_info/standard_binary_info.c.o
 .binary_info.keep.__bi_ptr78
                0x10006fd0        0x4 CMakeFiles/demo.dir/home/austin-tabulog/.pico-sdk/sdk/2.2.0/src/rp2_common/pico_standard_binary_info/standard_binary_info.c.o
 .binary_info.keep.__bi_ptr60
                0x10006fd4        0x4 CMakeFiles/demo.dir/home/austin-tabulog/.pico-sdk/sdk/2.2.0/src/rp2_common/pico_standard_binary_info/standard_binary_info.c.o
 .binary_info.keep.__bi_ptr54
                0x10006fd8        0x4 CMakeFiles/demo.dir/home/austin-tabulog/.pico-sdk/sdk/2.2.0/src/rp2_common/pico_standard_binary_info/standard_binary_info.c.o
 .binary_info.keep.__bi_ptr48
                0x10006fdc        0x4 CMakeFiles/demo.dir/home/austin-tabulog/.pico-sdk/sdk/2.2.0/src/rp2_common/pico_standard_binary_info/standard_binary_info.c.o
 .binary_info.keep.__bi_ptr42
                0x10006fe0        0x4 CMakeFiles/demo.dir/home/austin-tabulog/.pico-sdk/sdk/2.2.0/src/rp2_common/pico_standard_binary_info/standard_binary_info.c.o
 .binary_info.keep.__bi_ptr34
                0x10006fe4        0x4 CMakeFiles/demo.dir/home/austin-tabulog/.pico-sdk/sdk/2.2.0/src/rp2_common/pico_standard_binary_info/standard_binary_info.c.o
 .binary_info.keep.__bi_ptr26
                0x10006fe8        0x4 CMakeFiles/demo.dir/home/austin-tabulog/.pico-sdk/sdk/2.2.0/src/rp2_common/pico_standard_binary_info/standard_binary_info.c.o
 *(.binary_info.*)
 .binary_info.__bi_ptr202
                0x10006fec        0x4 CMakeFiles/demo.dir/home/austin-tabulog/.pico-sdk/sdk/2.2.0/src/rp2_common/pico_stdio_usb/stdio_usb.c.o
                0x10006ff0                        __binary_info_end = .
                0x10006ff0                        . = ALIGN (0x4)

.ram_vector_table
                0x20000000      0x110
 *(.ram_vector_table)
 .ram_vector_table
                0x20000000      0x110 CMakeFiles/demo.dir/home/austin-tabulog/.pico-sdk/sdk/2.2.0/src/rp2_common/pico_runtime_init/runtime_init.c.o
                0x20000000                ram_vector_table

.uninitialized_data
                0x20000110        0x0
                0x20000110                        . = ALIGN (0x4)
 *(.uninitialized_data*)

.data           0x20000110      0xdac load address 0x10006ff0
                0x20000110                        __data_start__ = .
 *(vtable)
 *(.time_critical*)
 .time_critical.mutex_try_enter
                0x20000110       0x58 CMakeFiles/demo.dir/home/austin-tabulog/.pico-sdk/sdk/2.2.0/src/common/pico_sync/mutex.c.o
                0x20000110                mutex_try_enter
 .time_critical.mutex_enter_block_until
                0x20000168       0x84 CMakeFiles/demo.dir/home/austin-tabulog/.pico-sdk/sdk/2.2.0/src/common/pico_sync/mutex.c.o
                0x20000168                mutex_enter_block_until
 .time_critical.mutex_try_enter_block_until
                0x200001ec       0x32 CMakeFiles/demo.dir/home/austin-tabulog/.pico-sdk/sdk/2.2.0/src/common/pico_sync/mutex.c.o
                0x200001ec                mutex_try_enter_block_until
 .time_critical.mutex_enter_timeout_ms
                0x2000021e       0x52 CMakeFiles/demo.dir/home/austin-tabulog/.pico-sdk/sdk/2.2.0/src/common/pico_sync/mutex.c.o
                0x2000021e                mutex_enter_timeout_ms
 .time_critical.mutex_exit
                0x20000270       0x58 CMakeFiles/demo.dir/home/austin-tabulog/.pico-sdk/sdk/2.2.0/src/common/pico_sync/mutex.c.o
                0x20000270                mutex_exit
 .time_critical.reset_non_control_endpoints
                0x200002c8       0x40 CMakeFiles/demo.dir/home/austin-tabulog/.pico-sdk/sdk/2.2.0/lib/tinyusb/src/portable/raspberrypi/rp2040/dcd_rp2040.c.o
 .time_critical.hw_handle_buff_status
                0x20000308       0x90 CMakeFiles/demo.dir/home/austin-tabulog/.pico-sdk/sdk/2.2.0/lib/tinyusb/src/portable/raspberrypi/rp2040/dcd_rp2040.c.o
 .time_critical.dcd_rp2040_irq
                0x20000398      0x1fc CMakeFiles/demo.dir/home/austin-tabulog/.pico-sdk/sdk/2.2.0/lib/tinyusb/src/portable/raspberrypi/rp2040/dcd_rp2040.c.o
 .time_critical.prepare_ep_buffer
                0x20000594       0x5a CMakeFiles/demo.dir/home/austin-tabulog/.pico-sdk/sdk/2.2.0/lib/tinyusb/src/portable/raspberrypi/rp2040/rp2040_usb.c.o
 *fill*         0x200005ee        0x2 
 .time_critical.e15_is_bulkin_ep
                0x200005f0       0x2c CMakeFiles/demo.dir/home/austin-tabulog/.pico-sdk/sdk/2.2.0/lib/tinyusb/src/portable/raspberrypi/rp2040/rp2040_usb.c.o
 .time_critical.e15_is_critical_frame_period
                0x2000061c       0x28 CMakeFiles/demo.dir/home/austin-tabulog/.pico-sdk/sdk/2.2.0/lib/tinyusb/src/portable/raspberrypi/rp2040/rp2040_usb.c.o
 .time_critical.sync_ep_buffer
                0x20000644       0x7c CMakeFiles/demo.dir/home/austin-tabulog/.pico-sdk/sdk/2.2.0/lib/tinyusb/src/portable/raspberrypi/rp2040/rp2040_usb.c.o
 .time_critical._hw_endpoint_xfer_sync
                0x200006c0       0x2a CMakeFiles/demo.dir/home/austin-tabulog/.pico-sdk/sdk/2.2.0/lib/tinyusb/src/portable/raspberrypi/rp2040/rp2040_usb.c.o
 .time_critical.hw_endpoint_reset_transfer
                0x200006ea        0xc CMakeFiles/demo.dir/home/austin-tabulog/.pico-sdk/sdk/2.2.0/lib/tinyusb/src/portable/raspberrypi/rp2040/rp2040_usb.c.o
                0x200006ea                hw_endpoint_reset_transfer
 *fill*         0x200006f6        0x2 
 .time_critical._hw_endpoint_buffer_control_update32
                0x200006f8       0x4c CMakeFiles/demo.dir/home/austin-tabulog/.pico-sdk/sdk/2.2.0/lib/tinyusb/src/portable/raspberrypi/rp2040/rp2040_usb.c.o
                0x200006f8                _hw_endpoint_buffer_control_update32
 .time_critical.hw_endpoint_start_next_buffer
                0x20000744       0x70 CMakeFiles/demo.dir/home/austin-tabulog/.pico-sdk/sdk/2.2.0/lib/tinyusb/src/portable/raspberrypi/rp2040/rp2040_usb.c.o
                0x20000744                hw_endpoint_start_next_buffer
 .time_critical.hw_endpoint_xfer_continue
                0x200007b4       0x3c CMakeFiles/demo.dir/home/austin-tabulog/.pico-sdk/sdk/2.2.0/lib/tinyusb/src/portable/raspberrypi/rp2040/rp2040_usb.c.o
                0x200007b4                hw_endpoint_xfer_continue
 .time_critical.tinyusb
                0x200007f0      0x25c CMakeFiles/demo.dir/home/austin-tabulog/.pico-sdk/sdk/2.2.0/lib/tinyusb/src/device/usbd.c.o
                0x200007f0                dcd_event_handler
 *(.text*)
 .text          0x20000a4c       0x30 /home/austin-tabulog/.pico-sdk/toolchain/14_2_Rel1/bin/../lib/gcc/arm-none-eabi/14.2.1/thumb/v8-m.main+fp/softfp/libgcc.a(_aeabi_uldivmod.o)
                0x20000a4c                __aeabi_uldivmod
 .text.__udivmoddi4
                0x20000a7c      0x34c /home/austin-tabulog/.pico-sdk/toolchain/14_2_Rel1/bin/../lib/gcc/arm-none-eabi/14.2.1/thumb/v8-m.main+fp/softfp/libgcc.a(_udivmoddi4.o)
                0x20000a7c                __udivmoddi4
 .text          0x20000dc8        0x4 /home/austin-tabulog/.pico-sdk/toolchain/14_2_Rel1/bin/../lib/gcc/arm-none-eabi/14.2.1/thumb/v8-m.main+fp/softfp/libgcc.a(_dvmd_tls.o)
                0x20000dc8                __aeabi_ldiv0
                0x20000dc8                __aeabi_idiv0
 *fill*         0x20000dcc        0x4 
 .text.__stub   0x20000dd0       0x48 linker stubs
                0x20000e18                        . = ALIGN (0x4)
 *(.rodata*)
                0x20000e18                        . = ALIGN (0x4)
 *(.data*)
 .data.striped_spin_lock_num
                0x20000e18        0x1 CMakeFiles/demo.dir/home/austin-tabulog/.pico-sdk/sdk/2.2.0/src/rp2_common/hardware_sync/sync.c.o
 *fill*         0x20000e19        0x3 
 .data          0x20000e1c       0x48 CMakeFiles/demo.dir/home/austin-tabulog/.pico-sdk/sdk/2.2.0/src/rp2_common/hardware_irq/irq_handler_chain.S.o
                0x20000e1c                irq_handler_chain_slots
                0x20000e4c                irq_handler_chain_first_slot
                0x20000e56                irq_handler_chain_remove_tail
 .data.default_alarm_pool
                0x20000e64       0x18 CMakeFiles/demo.dir/home/austin-tabulog/.pico-sdk/sdk/2.2.0/src/common/pico_time/time.c.o
 .data.stdio_usb
                0x20000e7c       0x18 CMakeFiles/demo.dir/home/austin-tabulog/.pico-sdk/sdk/2.2.0/src/rp2_common/pico_stdio_usb/stdio_usb.c.o
                0x20000e7c                stdio_usb
 .data._usbd_qdef
                0x20000e94       0x1c CMakeFiles/demo.dir/home/austin-tabulog/.pico-sdk/sdk/2.2.0/lib/tinyusb/src/device/usbd.c.o
                0x20000e94                _usbd_qdef
 .data._usbd_rhport